 ManagedDemo

 Timestamp is 50268164 (Sat Aug 11 16:59:32 2012)

 Preferred load address is 00400000

 Start         Length     Name                   Class
 0001:00000000 0003ca14H .text                   CODE
 0001:0003ca20 000013bcH .text$x                 CODE
 0001:0003dde0 00000e3dH .text$yc                CODE
 0001:0003ec20 0000051aH .text$yd                CODE
 0002:00000000 000002d4H .idata$5                DATA
 0002:000002d4 00000004H .CRT$XCA                DATA
 0002:000002d8 00000004H .CRT$XCAA               DATA
 0002:000002dc 0000008cH .CRT$XCU                DATA
 0002:00000368 00000004H .CRT$XCZ                DATA
 0002:0000036c 00000004H .CRT$XIA                DATA
 0002:00000370 00000004H .CRT$XIAA               DATA
 0002:00000374 00000004H .CRT$XIC                DATA
 0002:00000378 00000004H .CRT$XIY                DATA
 0002:0000037c 00000004H .CRT$XIZ                DATA
 0002:00000380 00001d28H .rdata                  DATA
 0002:000020a8 0000007cH .rdata$debug            DATA
 0002:00002124 00001170H .rdata$r                DATA
 0002:000032a0 00000134H .rdata$sxdata           DATA
 0002:000033d4 00000004H .rtc$IAA                DATA
 0002:000033d8 00000004H .rtc$IZZ                DATA
 0002:000033dc 00000004H .rtc$TAA                DATA
 0002:000033e0 00000004H .rtc$TZZ                DATA
 0002:000033e8 000014c4H .xdata$x                DATA
 0002:000048ac 0000008cH .idata$2                DATA
 0002:00004938 00000014H .idata$3                DATA
 0002:0000494c 000002d4H .idata$4                DATA
 0002:00004c20 0000149eH .idata$6                DATA
 0002:000060be 00000000H .edata                  DATA
 0003:00000000 000008d8H .data                   DATA
 0003:000008d8 000007d0H .bss                    DATA
 0004:00000000 000002e0H .rsrc$01                DATA
 0004:000002e0 00003ac0H .rsrc$02                DATA

  Address         Publics by Value              Rva+Base       Lib:Object

 0000:00000000       __except_list              00000000     <absolute>
 0000:0000004d       ___safe_se_handler_count   0000004d     <absolute>
 0000:00009876       __fltused                  00009876     <absolute>
 0000:00009876       __ldused                   00009876     <absolute>
 0000:00000000       ___ImageBase               00400000     <linker-defined>
 0001:00000000       _cosf                      00401000 f i Box2D:b2PolygonShape.obj
 0001:00000030       _sinf                      00401030 f i Box2D:b2PolygonShape.obj
 0001:00000060       _sqrtf                     00401060 f i Box2D:b2PolygonShape.obj
 0001:00000080       ?sqrt@@YAMM@Z              00401080 f i Box2D:b2PolygonShape.obj
 0001:000000a0       ??0b2Vec2@@QAE@XZ          004010a0 f i Box2D:b2PolygonShape.obj
 0001:000000b0       ??0b2Vec2@@QAE@MM@Z        004010b0 f i Box2D:b2PolygonShape.obj
 0001:000000d0       ?SetZero@b2Vec2@@QAEXXZ    004010d0 f i Box2D:b2PolygonShape.obj
 0001:000000e0       ?Set@b2Vec2@@QAEXMM@Z      004010e0 f i Box2D:b2PolygonShape.obj
 0001:00000100       ??Yb2Vec2@@QAEXABU0@@Z     00401100 f i Box2D:b2PolygonShape.obj
 0001:00000130       ??Xb2Vec2@@QAEXM@Z         00401130 f i Box2D:b2PolygonShape.obj
 0001:00000150       ?Length@b2Vec2@@QBEMXZ     00401150 f i Box2D:b2PolygonShape.obj
 0001:00000180       ?Normalize@b2Vec2@@QAEMXZ  00401180 f i Box2D:b2PolygonShape.obj
 0001:00000210       ??0b2Rot@@QAE@XZ           00401210 f i Box2D:b2PolygonShape.obj
 0001:00000220       ?Set@b2Rot@@QAEXM@Z        00401220 f i Box2D:b2PolygonShape.obj
 0001:00000260       ??0b2Transform@@QAE@XZ     00401260 f i Box2D:b2PolygonShape.obj
 0001:00000270       ?b2Dot@@YAMABUb2Vec2@@0@Z  00401270 f i Box2D:b2PolygonShape.obj
 0001:00000290       ?b2Cross@@YAMABUb2Vec2@@0@Z 00401290 f i Box2D:b2PolygonShape.obj
 0001:000002b0       ?b2Cross@@YA?AUb2Vec2@@ABU1@M@Z 004012b0 f i Box2D:b2PolygonShape.obj
 0001:000002e0       ??H@YA?AUb2Vec2@@ABU0@0@Z  004012e0 f i Box2D:b2PolygonShape.obj
 0001:00000310       ??G@YA?AUb2Vec2@@ABU0@0@Z  00401310 f i Box2D:b2PolygonShape.obj
 0001:00000340       ??D@YA?AUb2Vec2@@MABU0@@Z  00401340 f i Box2D:b2PolygonShape.obj
 0001:00000360       ?b2Mul@@YA?AUb2Vec2@@ABUb2Rot@@ABU1@@Z 00401360 f i Box2D:b2PolygonShape.obj
 0001:000003a0       ?b2MulT@@YA?AUb2Vec2@@ABUb2Rot@@ABU1@@Z 004013a0 f i Box2D:b2PolygonShape.obj
 0001:000003e0       ?b2Mul@@YA?AUb2Vec2@@ABUb2Transform@@ABU1@@Z 004013e0 f i Box2D:b2PolygonShape.obj
 0001:00000430       ?b2Min@@YA?AUb2Vec2@@ABU1@0@Z 00401430 f i Box2D:b2PolygonShape.obj
 0001:00000470       ?b2Max@@YA?AUb2Vec2@@ABU1@0@Z 00401470 f i Box2D:b2PolygonShape.obj
 0001:000004b0       ??1b2Shape@@UAE@XZ         004014b0 f i Box2D:b2PolygonShape.obj
 0001:000004c0       ??_Eb2Shape@@UAEPAXI@Z     004014c0 f i  CIL library: CIL module
 0001:000004c0       ??_Gb2Shape@@UAEPAXI@Z     004014c0 f i Box2D:b2PolygonShape.obj
 0001:000004f0       ??0b2PolygonShape@@QAE@XZ  004014f0 f i Box2D:b2PolygonShape.obj
 0001:00000520       ??_Eb2PolygonShape@@UAEPAXI@Z 00401520 f i  CIL library: CIL module
 0001:00000520       ??_Gb2PolygonShape@@UAEPAXI@Z 00401520 f i Box2D:b2PolygonShape.obj
 0001:00000550       ??0b2Shape@@QAE@XZ         00401550 f i Box2D:b2PolygonShape.obj
 0001:00000560       ??_H@YGXPAXIHP6EPAX0@Z@Z   00401560 f i Box2D:b2PolygonShape.obj
 0001:00000590       ??1b2PolygonShape@@UAE@XZ  00401590 f i Box2D:b2PolygonShape.obj
 0001:000005a0       ??2@YAPAXIPAX@Z            004015a0 f i Box2D:b2PolygonShape.obj
 0001:000005b0       ??3@YAXPAX0@Z              004015b0 f i Box2D:b2PolygonShape.obj
 0001:000005c0       ?Clone@b2PolygonShape@@UBEPAVb2Shape@@PAVb2BlockAllocator@@@Z 004015c0 f   Box2D:b2PolygonShape.obj
 0001:00000630       ??4b2PolygonShape@@QAEAAV0@ABV0@@Z 00401630 f i Box2D:b2PolygonShape.obj
 0001:00000740       ??4b2Shape@@QAEAAV0@ABV0@@Z 00401740 f i Box2D:b2PolygonShape.obj
 0001:00000760       ?SetAsBox@b2PolygonShape@@QAEXMM@Z 00401760 f   Box2D:b2PolygonShape.obj
 0001:00000800       ?SetAsBox@b2PolygonShape@@QAEXMMABUb2Vec2@@M@Z 00401800 f   Box2D:b2PolygonShape.obj
 0001:000009b0       ?GetChildCount@b2PolygonShape@@UBEHXZ 004019b0 f   Box2D:b2PolygonShape.obj
 0001:00000ae0       ?Set@b2PolygonShape@@QAEXPBUb2Vec2@@H@Z 00401ae0 f   Box2D:b2PolygonShape.obj
 0001:00000c20       ?TestPoint@b2PolygonShape@@UBE_NABUb2Transform@@ABUb2Vec2@@@Z 00401c20 f   Box2D:b2PolygonShape.obj
 0001:00000cd0       ?RayCast@b2PolygonShape@@UBE_NPAUb2RayCastOutput@@ABUb2RayCastInput@@ABUb2Transform@@H@Z 00401cd0 f   Box2D:b2PolygonShape.obj
 0001:00000ec0       ?ComputeAABB@b2PolygonShape@@UBEXPAUb2AABB@@ABUb2Transform@@H@Z 00401ec0 f   Box2D:b2PolygonShape.obj
 0001:00001050       ?ComputeMass@b2PolygonShape@@UBEXPAUb2MassData@@M@Z 00402050 f   Box2D:b2PolygonShape.obj
 0001:00001330       ??$b2Min@M@@YAMMM@Z        00402330 f i Box2D:b2PolygonShape.obj
 0001:00001340       ??$b2Max@M@@YAMMM@Z        00402340 f i Box2D:b2PolygonShape.obj
 0001:00001350       ?b2Cross@@YA?AUb2Vec2@@MABU1@@Z 00402350 f i Box2D:b2Body.obj
 0001:00001380       ?SetAwake@b2Body@@QAEX_N@Z 00402380 f i Box2D:b2Body.obj
 0001:000013f0       ?IsActive@b2Body@@QBE_NXZ  004023f0 f i Box2D:b2Body.obj
 0001:00001400       ??0b2Filter@@QAE@XZ        00402400 f i Box2D:b2Body.obj
 0001:00001410       ??0b2FixtureDef@@QAE@XZ    00402410 f i Box2D:b2Body.obj
 0001:00001440       ?GetMassData@b2Fixture@@QBEXPAUb2MassData@@@Z 00402440 f i Box2D:b2Body.obj
 0001:00001460       ?IsLocked@b2World@@QBE_NXZ 00402460 f i Box2D:b2Body.obj
 0001:00001470       ?GetFixtureA@b2Contact@@QAEPAVb2Fixture@@XZ 00402470 f i Box2D:b2Body.obj
 0001:00001480       ?GetFixtureB@b2Contact@@QAEPAVb2Fixture@@XZ 00402480 f i Box2D:b2Body.obj
 0001:00001490       ??0b2Body@@AAE@PBUb2BodyDef@@PAVb2World@@@Z 00402490 f   Box2D:b2Body.obj
 0001:00001620       ??0b2Sweep@@QAE@XZ         00402620 f i Box2D:b2Body.obj
 0001:00001630       ??1b2Body@@AAE@XZ          00402630 f   Box2D:b2Body.obj
 0001:00001640       ?SetType@b2Body@@QAEXW4b2BodyType@@@Z 00402640 f   Box2D:b2Body.obj
 0001:000016f0       ?CreateFixture@b2Body@@QAEPAVb2Fixture@@PBUb2FixtureDef@@@Z 004026f0 f   Box2D:b2Body.obj
 0001:000017a0       ?CreateFixture@b2Body@@QAEPAVb2Fixture@@PBVb2Shape@@M@Z 004027a0 f   Box2D:b2Body.obj
 0001:000017e0       ?DestroyFixture@b2Body@@QAEXPAVb2Fixture@@@Z 004027e0 f   Box2D:b2Body.obj
 0001:000018a0       ?ResetMassData@b2Body@@QAEXXZ 004028a0 f   Box2D:b2Body.obj
 0001:00001b40       ??0b2MassData@@QAE@XZ      00402b40 f i Box2D:b2Body.obj
 0001:00001b50       ?SetMassData@b2Body@@QAEXPBUb2MassData@@@Z 00402b50 f   Box2D:b2Body.obj
 0001:00001cb0       ?ShouldCollide@b2Body@@ABE_NPBV1@@Z 00402cb0 f   Box2D:b2Body.obj
 0001:00001cf0       ?SetTransform@b2Body@@QAEXABUb2Vec2@@M@Z 00402cf0 f   Box2D:b2Body.obj
 0001:00001e00       ?SynchronizeFixtures@b2Body@@AAEXXZ 00402e00 f   Box2D:b2Body.obj
 0001:00001ed0       ?SetActive@b2Body@@QAEX_N@Z 00402ed0 f   Box2D:b2Body.obj
 0001:00001f70       ?Dump@b2Body@@QAEXXZ       00402f70 f   Box2D:b2Body.obj
 0001:00002130       ?b2Abs@@YA?AUb2Vec2@@ABU1@@Z 00403130 f i Box2D:b2World.obj
 0001:00002160       ?Advance@b2Sweep@@QAEXM@Z  00403160 f i Box2D:b2World.obj
 0001:000021f0       ?GetCenter@b2AABB@@QBE?AUb2Vec2@@XZ 004031f0 f i Box2D:b2World.obj
 0001:00002230       ?GetExtents@b2AABB@@QBE?AUb2Vec2@@XZ 00403230 f i Box2D:b2World.obj
 0001:00002270       ?b2TestOverlap@@YA_NABUb2AABB@@0@Z 00403270 f i Box2D:b2World.obj
 0001:000022c0       ?IsLeaf@b2TreeNode@@QBE_NXZ 004032c0 f i Box2D:b2World.obj
 0001:000022d0       ?GetUserData@b2DynamicTree@@QBEPAXH@Z 004032d0 f i Box2D:b2World.obj
 0001:000022f0       ?GetFatAABB@b2DynamicTree@@QBEABUb2AABB@@H@Z 004032f0 f i Box2D:b2World.obj
 0001:00002310       ?GetUserData@b2BroadPhase@@QBEPAXH@Z 00403310 f i Box2D:b2World.obj
 0001:00002330       ?GetFatAABB@b2BroadPhase@@QBEABUb2AABB@@H@Z 00403330 f i Box2D:b2World.obj
 0001:00002350       ?GetProxyCount@b2BroadPhase@@QBEHXZ 00403350 f i Box2D:b2World.obj
 0001:00002360       ?GetTreeHeight@b2BroadPhase@@QBEHXZ 00403360 f i Box2D:b2World.obj
 0001:00002380       ?GetTreeBalance@b2BroadPhase@@QBEHXZ 00403380 f i Box2D:b2World.obj
 0001:00002390       ?GetTreeQuality@b2BroadPhase@@QBEMXZ 00403390 f i Box2D:b2World.obj
 0001:00002410       ?GetType@b2Shape@@QBE?AW4Type@1@XZ 00403410 f i Box2D:b2World.obj
 0001:00002420       ?GetType@b2Body@@QBE?AW4b2BodyType@@XZ 00403420 f i Box2D:b2World.obj
 0001:00002430       ?GetTransform@b2Body@@QBEABUb2Transform@@XZ 00403430 f i Box2D:b2World.obj
 0001:00002440       ?GetWorldCenter@b2Body@@QBEABUb2Vec2@@XZ 00403440 f i Box2D:b2World.obj
 0001:00002450       ?IsBullet@b2Body@@QBE_NXZ  00403450 f i Box2D:b2World.obj
 0001:00002460       ?IsAwake@b2Body@@QBE_NXZ   00403460 f i Box2D:b2World.obj
 0001:00002470       ?GetFixtureList@b2Body@@QAEPAVb2Fixture@@XZ 00403470 f i Box2D:b2World.obj
 0001:00002480       ?GetContactList@b2Body@@QAEPAUb2ContactEdge@@XZ 00403480 f i Box2D:b2World.obj
 0001:00002490       ?GetNext@b2Body@@QAEPAV1@XZ 00403490 f i Box2D:b2World.obj
 0001:000024a0       ?SynchronizeTransform@b2Body@@AAEXXZ 004034a0 f i Box2D:b2World.obj
 0001:00002550       ?Advance@b2Body@@AAEXM@Z   00403550 f i Box2D:b2World.obj
 0001:00002690       ?GetType@b2Fixture@@QBE?AW4Type@b2Shape@@XZ 00403690 f i Box2D:b2World.obj
 0001:000026a0       ?GetShape@b2Fixture@@QAEPAVb2Shape@@XZ 004036a0 f i Box2D:b2World.obj
 0001:000026b0       ?IsSensor@b2Fixture@@QBE_NXZ 004036b0 f i Box2D:b2World.obj
 0001:000026c0       ?GetBody@b2Fixture@@QAEPAVb2Body@@XZ 004036c0 f i Box2D:b2World.obj
 0001:000026d0       ?GetNext@b2Fixture@@QAEPAV1@XZ 004036d0 f i Box2D:b2World.obj
 0001:000026e0       ?RayCast@b2Fixture@@QBE_NPAUb2RayCastOutput@@ABUb2RayCastInput@@H@Z 004036e0 f i Box2D:b2World.obj
 0001:00002710       ?Clear@b2Island@@QAEXXZ    00403710 f i Box2D:b2World.obj
 0001:00002730       ?Add@b2Island@@QAEXPAVb2Body@@@Z 00403730 f i Box2D:b2World.obj
 0001:00002750       ?Add@b2Island@@QAEXPAVb2Contact@@@Z 00403750 f i Box2D:b2World.obj
 0001:00002770       ?Add@b2Island@@QAEXPAVb2Joint@@@Z 00403770 f i Box2D:b2World.obj
 0001:00002790       ?GetType@b2Joint@@QBE?AW4b2JointType@@XZ 00403790 f i Box2D:b2World.obj
 0001:000027a0       ?GetBodyA@b2Joint@@QAEPAVb2Body@@XZ 004037a0 f i Box2D:b2World.obj
 0001:000027b0       ?GetBodyB@b2Joint@@QAEPAVb2Body@@XZ 004037b0 f i Box2D:b2World.obj
 0001:000027c0       ?GetNext@b2Joint@@QAEPAV1@XZ 004037c0 f i Box2D:b2World.obj
 0001:000027d0       ?SetEnabled@b2Contact@@QAEX_N@Z 004037d0 f i Box2D:b2World.obj
 0001:000027f0       ?IsEnabled@b2Contact@@QBE_NXZ 004037f0 f i Box2D:b2World.obj
 0001:00002800       ?IsTouching@b2Contact@@QBE_NXZ 00403800 f i Box2D:b2World.obj
 0001:00002810       ?GetNext@b2Contact@@QAEPAV1@XZ 00403810 f i Box2D:b2World.obj
 0001:00002820       ?GetChildIndexA@b2Contact@@QBEHXZ 00403820 f i Box2D:b2World.obj
 0001:00002830       ?GetChildIndexB@b2Contact@@QBEHXZ 00403830 f i Box2D:b2World.obj
 0001:00002840       ?FlagForFiltering@b2Contact@@IAEXXZ 00403840 f i Box2D:b2World.obj
 0001:00002850       ??0b2DistanceProxy@@QAE@XZ 00403850 f i Box2D:b2World.obj
 0001:00002870       ??0b2Color@@QAE@MMM@Z      00403870 f i Box2D:b2World.obj
 0001:00002890       ??0b2World@@QAE@ABUb2Vec2@@@Z 00403890 f   Box2D:b2World.obj
 0001:00002980       ??1b2ContactManager@@QAE@XZ 00403980 f i Box2D:b2World.obj
 0001:000029a0       ??1b2World@@QAE@XZ         004039a0 f   Box2D:b2World.obj
 0001:00002a60       ?SetDestructionListener@b2World@@QAEXPAVb2DestructionListener@@@Z 00403a60 f   Box2D:b2World.obj
 0001:00002a70       ?SetContactFilter@b2World@@QAEXPAVb2ContactFilter@@@Z 00403a70 f   Box2D:b2World.obj
 0001:00002a80       ?SetContactListener@b2World@@QAEXPAVb2ContactListener@@@Z 00403a80 f   Box2D:b2World.obj
 0001:00002a90       ?SetDebugDraw@b2World@@QAEXPAVb2Draw@@@Z 00403a90 f   Box2D:b2World.obj
 0001:00002aa0       ?CreateBody@b2World@@QAEPAVb2Body@@PBUb2BodyDef@@@Z 00403aa0 f   Box2D:b2World.obj
 0001:00002b10       ?DestroyBody@b2World@@QAEXPAVb2Body@@@Z 00403b10 f   Box2D:b2World.obj
 0001:00002c60       ??_Gb2Body@@AAEPAXI@Z      00403c60 f i Box2D:b2World.obj
 0001:00002c70       ?CreateJoint@b2World@@QAEPAVb2Joint@@PBUb2JointDef@@@Z 00403c70 f   Box2D:b2World.obj
 0001:00002d50       ?DestroyJoint@b2World@@QAEXPAVb2Joint@@@Z 00403d50 f   Box2D:b2World.obj
 0001:00002e80       ?SetAllowSleeping@b2World@@QAEX_N@Z 00403e80 f   Box2D:b2World.obj
 0001:00002ed0       ?Solve@b2World@@AAEXABUb2TimeStep@@@Z 00403ed0 f   Box2D:b2World.obj
 0001:00003460       ?SolveTOI@b2World@@AAEXABUb2TimeStep@@@Z 00404460 f   Box2D:b2World.obj
 0001:00004530       ??0b2TOIInput@@QAE@XZ      00405530 f i Box2D:b2World.obj
 0001:00004560       ?Step@b2World@@QAEXMHH@Z   00405560 f   Box2D:b2World.obj
 0001:00004910       ?ClearForces@b2World@@QAEXXZ 00405910 f   Box2D:b2World.obj
 0001:00004940       ?QueryCallback@b2WorldQueryWrapper@@QAE_NH@Z 00405940 f i Box2D:b2World.obj
 0001:00004970       ?QueryAABB@b2World@@QBEXPAVb2QueryCallback@@ABUb2AABB@@@Z 00405970 f   Box2D:b2World.obj
 0001:000049a0       ?RayCastCallback@b2WorldRayCastWrapper@@QAEMABUb2RayCastInput@@H@Z 004059a0 f i Box2D:b2World.obj
 0001:00004a80       ??0b2RayCastOutput@@QAE@XZ 00405a80 f i Box2D:b2World.obj
 0001:00004a90       ?RayCast@b2World@@QBEXPAVb2RayCastCallback@@ABUb2Vec2@@1@Z 00405a90 f   Box2D:b2World.obj
 0001:00004ae0       ??0b2RayCastInput@@QAE@XZ  00405ae0 f i Box2D:b2World.obj
 0001:00004af0       ?DrawShape@b2World@@AAEXPAVb2Fixture@@ABUb2Transform@@ABUb2Color@@@Z 00405af0 f   Box2D:b2World.obj
 0001:00004e20       ?DrawJoint@b2World@@AAEXPAVb2Joint@@@Z 00405e20 f   Box2D:b2World.obj
 0001:00004f40       ?DrawDebugData@b2World@@QAEXXZ 00405f40 f   Box2D:b2World.obj
 0001:00005200       ?GetProxyCount@b2World@@QBEHXZ 00406200 f   Box2D:b2World.obj
 0001:00005210       ?GetTreeHeight@b2World@@QBEHXZ 00406210 f   Box2D:b2World.obj
 0001:00005230       ?GetTreeBalance@b2World@@QBEHXZ 00406230 f   Box2D:b2World.obj
 0001:00005240       ?GetTreeQuality@b2World@@QBEMXZ 00406240 f   Box2D:b2World.obj
 0001:000052d0       ?Dump@b2World@@QAEXXZ      004062d0 f   Box2D:b2World.obj
 0001:00005420       ??$b2Abs@M@@YAMM@Z         00406420 f i Box2D:b2World.obj
 0001:00005430       ??$Query@Ub2WorldQueryWrapper@@@b2BroadPhase@@QBEXPAUb2WorldQueryWrapper@@ABUb2AABB@@@Z 00406430 f i Box2D:b2World.obj
 0001:00005440       ??$RayCast@Ub2WorldRayCastWrapper@@@b2BroadPhase@@QBEXPAUb2WorldRayCastWrapper@@ABUb2RayCastInput@@@Z 00406440 f i Box2D:b2World.obj
 0001:00005450       ??$Query@Ub2WorldQueryWrapper@@@b2DynamicTree@@QBEXPAUb2WorldQueryWrapper@@ABUb2AABB@@@Z 00406450 f i Box2D:b2World.obj
 0001:000055c0       ??$RayCast@Ub2WorldRayCastWrapper@@@b2DynamicTree@@QBEXPAUb2WorldRayCastWrapper@@ABUb2RayCastInput@@@Z 004065c0 f i Box2D:b2World.obj
 0001:00005a30       ??0b2AABB@@QAE@XZ          00406a30 f i Box2D:b2World.obj
 0001:00005a40       ??0?$b2GrowableStack@H$0BAA@@@QAE@XZ 00406a40 f i Box2D:b2World.obj
 0001:00005a60       ??1?$b2GrowableStack@H$0BAA@@@QAE@XZ 00406a60 f i Box2D:b2World.obj
 0001:00005a80       ?Push@?$b2GrowableStack@H$0BAA@@@QAEXABH@Z 00406a80 f i Box2D:b2World.obj
 0001:00005af0       ?Pop@?$b2GrowableStack@H$0BAA@@@QAEHXZ 00406af0 f i Box2D:b2World.obj
 0001:00005b10       ?GetCount@?$b2GrowableStack@H$0BAA@@@QAEHXZ 00406b10 f i Box2D:b2World.obj
 0001:00005b20       ??Gb2Vec2@@QBE?AU0@XZ      00406b20 f i Box2D:b2MouseJoint.obj
 0001:00005b50       ?LengthSquared@b2Vec2@@QBEMXZ 00406b50 f i Box2D:b2MouseJoint.obj
 0001:00005b70       ??0b2Mat22@@QAE@XZ         00406b70 f i Box2D:b2MouseJoint.obj
 0001:00005b80       ?GetInverse@b2Mat22@@QBE?AU1@XZ 00406b80 f i Box2D:b2MouseJoint.obj
 0001:00005c10       ??0b2Rot@@QAE@M@Z          00406c10 f i Box2D:b2MouseJoint.obj
 0001:00005c60       ?b2Mul@@YA?AUb2Vec2@@ABUb2Mat22@@ABU1@@Z 00406c60 f i Box2D:b2MouseJoint.obj
 0001:00005ca0       ?b2MulT@@YA?AUb2Vec2@@ABUb2Transform@@ABU1@@Z 00406ca0 f i Box2D:b2MouseJoint.obj
 0001:00005cf0       ?Dump@b2Joint@@UAEXXZ      00406cf0 f i Box2D:b2MouseJoint.obj
 0001:00005d00       ??1b2Joint@@MAE@XZ         00406d00 f i Box2D:b2MouseJoint.obj
 0001:00005d10       ??_Eb2Joint@@MAEPAXI@Z     00406d10 f i  CIL library: CIL module
 0001:00005d10       ??_Gb2Joint@@MAEPAXI@Z     00406d10 f i Box2D:b2MouseJoint.obj
 0001:00005d40       ?Dump@b2MouseJoint@@UAEXXZ 00406d40 f i Box2D:b2MouseJoint.obj
 0001:00005d50       ?GetMass@b2Body@@QBEMXZ    00406d50 f i Box2D:b2MouseJoint.obj
 0001:00005d60       ?GetWorldPoint@b2Body@@QBE?AUb2Vec2@@ABU2@@Z 00406d60 f i Box2D:b2MouseJoint.obj
 0001:00005dc0       ??0b2MouseJoint@@IAE@PBUb2MouseJointDef@@@Z 00406dc0 f   Box2D:b2MouseJoint.obj
 0001:00005e70       ??_Gb2MouseJoint@@UAEPAXI@Z 00406e70 f i Box2D:b2MouseJoint.obj
 0001:00005e70       ??_Eb2MouseJoint@@UAEPAXI@Z 00406e70 f i  CIL library: CIL module
 0001:00005ea0       ??1b2MouseJoint@@UAE@XZ    00406ea0 f i Box2D:b2MouseJoint.obj
 0001:00005eb0       ?SetTarget@b2MouseJoint@@QAEXABUb2Vec2@@@Z 00406eb0 f   Box2D:b2MouseJoint.obj
 0001:00005ef0       ?GetTarget@b2MouseJoint@@QBEABUb2Vec2@@XZ 00406ef0 f   Box2D:b2MouseJoint.obj
 0001:00005f00       ?SetMaxForce@b2MouseJoint@@QAEXM@Z 00406f00 f   Box2D:b2MouseJoint.obj
 0001:00005f10       ?GetMaxForce@b2MouseJoint@@QBEMXZ 00406f10 f   Box2D:b2MouseJoint.obj
 0001:00005f20       ?SetFrequency@b2MouseJoint@@QAEXM@Z 00406f20 f   Box2D:b2MouseJoint.obj
 0001:00005f30       ?GetFrequency@b2MouseJoint@@QBEMXZ 00406f30 f   Box2D:b2MouseJoint.obj
 0001:00005f40       ?SetDampingRatio@b2MouseJoint@@QAEXM@Z 00406f40 f   Box2D:b2MouseJoint.obj
 0001:00005f50       ?GetDampingRatio@b2MouseJoint@@QBEMXZ 00406f50 f   Box2D:b2MouseJoint.obj
 0001:00005f60       ?InitVelocityConstraints@b2MouseJoint@@MAEXABUb2SolverData@@@Z 00406f60 f   Box2D:b2MouseJoint.obj
 0001:00006300       ?SolveVelocityConstraints@b2MouseJoint@@MAEXABUb2SolverData@@@Z 00407300 f   Box2D:b2MouseJoint.obj
 0001:00006500       ?SolvePositionConstraints@b2MouseJoint@@MAE_NABUb2SolverData@@@Z 00407500 f   Box2D:b2MouseJoint.obj
 0001:00006510       ?GetAnchorA@b2MouseJoint@@UBE?AUb2Vec2@@XZ 00407510 f   Box2D:b2MouseJoint.obj
 0001:00006530       ?GetAnchorB@b2MouseJoint@@UBE?AUb2Vec2@@XZ 00407530 f   Box2D:b2MouseJoint.obj
 0001:00006580       ?GetReactionForce@b2MouseJoint@@UBE?AUb2Vec2@@M@Z 00407580 f   Box2D:b2MouseJoint.obj
 0001:000065b0       ?GetReactionTorque@b2MouseJoint@@UBEMM@Z 004075b0 f   Box2D:b2MouseJoint.obj
 0001:000065d0       ??Rb2Vec2@@QBEMH@Z         004075d0 f i Box2D:b2Collision.obj
 0001:000065e0       ??Rb2Vec2@@QAEAAMH@Z       004075e0 f i Box2D:b2Collision.obj
 0001:000065f0       ?b2DistanceSquared@@YAMABUb2Vec2@@0@Z 004075f0 f i Box2D:b2Collision.obj
 0001:00006610       ?Initialize@b2WorldManifold@@QAEXPBUb2Manifold@@ABUb2Transform@@M1M@Z 00407610 f   Box2D:b2Collision.obj
 0001:00006af0       ?b2GetPointStates@@YAXQAW4b2PointState@@0PBUb2Manifold@@1@Z 00407af0 f   Box2D:b2Collision.obj
 0001:00006be0       ?RayCast@b2AABB@@QBE_NPAUb2RayCastOutput@@ABUb2RayCastInput@@@Z 00407be0 f   Box2D:b2Collision.obj
 0001:00006d20       ?b2ClipSegmentToLine@@YAHQAUb2ClipVertex@@QBU1@ABUb2Vec2@@MH@Z 00407d20 f   Box2D:b2Collision.obj
 0001:00006e30       ?b2TestOverlap@@YA_NPBVb2Shape@@H0HABUb2Transform@@1@Z 00407e30 f   Box2D:b2Collision.obj
 0001:00006f00       ??0b2DistanceInput@@QAE@XZ 00407f00 f i Box2D:b2Collision.obj
 0001:00006f30       ??0b2DistanceOutput@@QAE@XZ 00407f30 f i Box2D:b2Collision.obj
 0001:00006f40       ??$b2Swap@M@@YAXAAM0@Z     00407f40 f i Box2D:b2Collision.obj
 0001:00006f50       ??0b2BlockAllocator@@QAE@XZ 00407f50 f   Box2D:b2BlockAllocator.obj
 0001:00007070       ??1b2BlockAllocator@@QAE@XZ 00408070 f   Box2D:b2BlockAllocator.obj
 0001:000070a0       ?Allocate@b2BlockAllocator@@QAEPAXH@Z 004080a0 f   Box2D:b2BlockAllocator.obj
 0001:000071d0       ?Free@b2BlockAllocator@@QAEXPAXH@Z 004081d0 f   Box2D:b2BlockAllocator.obj
 0001:00007210       ?Clear@b2BlockAllocator@@QAEXXZ 00408210 f   Box2D:b2BlockAllocator.obj
 0001:00007260       ?b2PairLessThan@@YA_NABUb2Pair@@0@Z 00408260 f i Box2D:b2ContactManager.obj
 0001:00007290       ?TestOverlap@b2BroadPhase@@QBE_NHH@Z 00408290 f i Box2D:b2ContactManager.obj
 0001:00007300       ??1b2ContactFilter@@UAE@XZ 00408300 f i Box2D:b2ContactManager.obj
 0001:00007310       ??_Eb2ContactFilter@@UAEPAXI@Z 00408310 f i  CIL library: CIL module
 0001:00007310       ??_Gb2ContactFilter@@UAEPAXI@Z 00408310 f i Box2D:b2ContactManager.obj
 0001:00007340       ??1b2ContactListener@@UAE@XZ 00408340 f i Box2D:b2ContactManager.obj
 0001:00007350       ?BeginContact@b2ContactListener@@UAEXPAVb2Contact@@@Z 00408350 f i Box2D:b2ContactManager.obj
 0001:00007360       ?EndContact@b2ContactListener@@UAEXPAVb2Contact@@@Z 00408360 f i Box2D:b2ContactManager.obj
 0001:00007370       ?PreSolve@b2ContactListener@@UAEXPAVb2Contact@@PBUb2Manifold@@@Z 00408370 f i Box2D:b2ContactManager.obj
 0001:00007380       ?PostSolve@b2ContactListener@@UAEXPAVb2Contact@@PBUb2ContactImpulse@@@Z 00408380 f i Box2D:b2ContactManager.obj
 0001:00007390       ??_Gb2ContactListener@@UAEPAXI@Z 00408390 f i Box2D:b2ContactManager.obj
 0001:00007390       ??_Eb2ContactListener@@UAEPAXI@Z 00408390 f i  CIL library: CIL module
 0001:000073c0       ??0b2ContactFilter@@QAE@XZ 004083c0 f i Box2D:b2ContactManager.obj
 0001:000073d0       ??0b2ContactListener@@QAE@XZ 004083d0 f i Box2D:b2ContactManager.obj
 0001:000073e0       ??0b2ContactManager@@QAE@XZ 004083e0 f   Box2D:b2ContactManager.obj
 0001:00007450       ?Destroy@b2ContactManager@@QAEXPAVb2Contact@@@Z 00408450 f   Box2D:b2ContactManager.obj
 0001:00007510       ?Collide@b2ContactManager@@QAEXXZ 00408510 f   Box2D:b2ContactManager.obj
 0001:00007690       ?FindNewContacts@b2ContactManager@@QAEXXZ 00408690 f   Box2D:b2ContactManager.obj
 0001:000076a0       ?AddPair@b2ContactManager@@QAEXPAX0@Z 004086a0 f   Box2D:b2ContactManager.obj
 0001:00007830       ??$UpdatePairs@Vb2ContactManager@@@b2BroadPhase@@QAEXPAVb2ContactManager@@@Z 00408830 f i Box2D:b2ContactManager.obj
 0001:00007920       ??$Query@Vb2BroadPhase@@@b2DynamicTree@@QBEXPAVb2BroadPhase@@ABUb2AABB@@@Z 00408920 f i Box2D:b2ContactManager.obj
 0001:00007a50       ??$sort@PAUb2Pair@@P6A_NABU1@0@Z@std@@YAXPAUb2Pair@@0P6A_NABU1@1@Z@Z 00408a50 f i Box2D:b2ContactManager.obj
 0001:00007a80       ??$_Unchecked@PAUb2Pair@@@std@@YAPAUb2Pair@@PAU1@@Z 00408a80 f i Box2D:b2ContactManager.obj
 0001:00007a90       ??$_Sort@PAUb2Pair@@HP6A_NABU1@0@Z@std@@YAXPAUb2Pair@@0HP6A_NABU1@1@Z@Z 00408a90 f i Box2D:b2ContactManager.obj
 0001:00007bd0       ??$_Unguarded_partition@PAUb2Pair@@P6A_NABU1@0@Z@std@@YA?AU?$pair@PAUb2Pair@@PAU1@@0@PAUb2Pair@@0P6A_NABU2@1@Z@Z 00408bd0 f i Box2D:b2ContactManager.obj
 0001:00007e40       ??$make_heap@PAUb2Pair@@P6A_NABU1@0@Z@std@@YAXPAUb2Pair@@0P6A_NABU1@1@Z@Z 00408e40 f i Box2D:b2ContactManager.obj
 0001:00007e80       ??$sort_heap@PAUb2Pair@@P6A_NABU1@0@Z@std@@YAXPAUb2Pair@@0P6A_NABU1@1@Z@Z 00408e80 f i Box2D:b2ContactManager.obj
 0001:00007e90       ??$_Insertion_sort@PAUb2Pair@@P6A_NABU1@0@Z@std@@YAXPAUb2Pair@@0P6A_NABU1@1@Z@Z 00408e90 f i Box2D:b2ContactManager.obj
 0001:00007eb0       ??$_Median@PAUb2Pair@@P6A_NABU1@0@Z@std@@YAXPAUb2Pair@@00P6A_NABU1@1@Z@Z 00408eb0 f i Box2D:b2ContactManager.obj
 0001:00007f70       ??$iter_swap@PAUb2Pair@@PAU1@@std@@YAXPAUb2Pair@@0@Z 00408f70 f i Box2D:b2ContactManager.obj
 0001:00007f90       ??$?0AAPAUb2Pair@@AAPAU0@@?$pair@PAUb2Pair@@PAU1@@std@@QAE@AAPAUb2Pair@@0PAPAX@Z 00408f90 f i Box2D:b2ContactManager.obj
 0001:00007fb0       ??$_Dist_type@PAUb2Pair@@@std@@YAPAHPAUb2Pair@@@Z 00408fb0 f i Box2D:b2ContactManager.obj
 0001:00007fc0       ??$_Val_type@PAUb2Pair@@@std@@YAPAUb2Pair@@PAU1@@Z 00408fc0 f i Box2D:b2ContactManager.obj
 0001:00007fd0       ??$_Make_heap@PAUb2Pair@@HU1@P6A_NABU1@0@Z@std@@YAXPAUb2Pair@@0P6A_NABU1@1@ZPAH0@Z 00408fd0 f i Box2D:b2ContactManager.obj
 0001:000080f0       ??$_Sort_heap@PAUb2Pair@@P6A_NABU1@0@Z@std@@YAXPAUb2Pair@@0P6A_NABU1@1@Z@Z 004090f0 f i Box2D:b2ContactManager.obj
 0001:000081b0       ??$_Insertion_sort1@PAUb2Pair@@P6A_NABU1@0@ZU1@@std@@YAXPAUb2Pair@@0P6A_NABU1@1@Z0@Z 004091b0 f i Box2D:b2ContactManager.obj
 0001:000082c0       ??$_Med3@PAUb2Pair@@P6A_NABU1@0@Z@std@@YAXPAUb2Pair@@00P6A_NABU1@1@Z@Z 004092c0 f i Box2D:b2ContactManager.obj
 0001:00008350       ??$swap@Ub2Pair@@@std@@YAXAAUb2Pair@@0@Z 00409350 f i Box2D:b2ContactManager.obj
 0001:00008370       ??$forward@AAPAUb2Pair@@@std@@YAAAPAUb2Pair@@AAPAU1@@Z 00409370 f i Box2D:b2ContactManager.obj
 0001:00008380       ??$_Move@AAUb2Pair@@@std@@YA$$QAUb2Pair@@AAU1@@Z 00409380 f i Box2D:b2ContactManager.obj
 0001:00008390       ??$_Adjust_heap@PAUb2Pair@@HU1@P6A_NABU1@0@Z@std@@YAXPAUb2Pair@@HH$$QAU1@P6A_NABU1@2@Z@Z 00409390 f i Box2D:b2ContactManager.obj
 0001:00008480       ??$_Pop_heap@PAUb2Pair@@P6A_NABU1@0@Z@std@@YAXPAUb2Pair@@0P6A_NABU1@1@Z@Z 00409480 f i Box2D:b2ContactManager.obj
 0001:000084f0       ??$_Move_backward@PAUb2Pair@@PAU1@@std@@YAPAUb2Pair@@PAU1@00@Z 004094f0 f i Box2D:b2ContactManager.obj
 0001:00008520       ??$_Push_heap@PAUb2Pair@@HU1@P6A_NABU1@0@Z@std@@YAXPAUb2Pair@@HH$$QAU1@P6A_NABU1@2@Z@Z 00409520 f i Box2D:b2ContactManager.obj
 0001:000085a0       ??$_Pop_heap_0@PAUb2Pair@@U1@P6A_NABU1@0@Z@std@@YAXPAUb2Pair@@0P6A_NABU1@1@Z0@Z 004095a0 f i Box2D:b2ContactManager.obj
 0001:00008610       ??$_Ptr_cat@Ub2Pair@@U1@@std@@YA?AU_Nonscalar_ptr_iterator_tag@0@PAUb2Pair@@0@Z 00409610 f i Box2D:b2ContactManager.obj
 0001:00008620       ??$_Move_backward@PAUb2Pair@@PAU1@@std@@YAPAUb2Pair@@PAU1@00U_Nonscalar_ptr_iterator_tag@0@@Z 00409620 f i Box2D:b2ContactManager.obj
 0001:00008650       ??$_Pop_heap@PAUb2Pair@@HU1@P6A_NABU1@0@Z@std@@YAXPAUb2Pair@@00$$QAU1@P6A_NABU1@2@ZPAH@Z 00409650 f i Box2D:b2ContactManager.obj
 0001:00008690       ??$move@AAUb2Pair@@@std@@YA$$QAUb2Pair@@AAU1@@Z 00409690 f i Box2D:b2ContactManager.obj
 0001:000086a0       ??0b2Vec3@@QAE@XZ          004096a0 f i Box2D:b2Math.obj
 0001:000086b0       ??0b2Vec3@@QAE@MMM@Z       004096b0 f i Box2D:b2Math.obj
 0001:000086d0       ?b2Dot@@YAMABUb2Vec3@@0@Z  004096d0 f i Box2D:b2Math.obj
 0001:00008700       ?b2Cross@@YA?AUb2Vec3@@ABU1@0@Z 00409700 f i Box2D:b2Math.obj
 0001:00008760       ?Solve33@b2Mat33@@QBE?AUb2Vec3@@ABU2@@Z 00409760 f   Box2D:b2Math.obj
 0001:00008910       ?Solve22@b2Mat33@@QBE?AUb2Vec2@@ABU2@@Z 00409910 f   Box2D:b2Math.obj
 0001:000089a0       ?GetInverse22@b2Mat33@@QBEXPAU1@@Z 004099a0 f   Box2D:b2Math.obj
 0001:00008a50       ?GetSymInverse33@b2Mat33@@QBEXPAU1@@Z 00409a50 f   Box2D:b2Math.obj
 0001:00008bb0       ?Combine@b2AABB@@QAEXABU1@0@Z 00409bb0 f i Box2D:b2Fixture.obj
 0001:00008c40       ?GetWorld@b2Body@@QAEPAVb2World@@XZ 00409c40 f i Box2D:b2Fixture.obj
 0001:00008c50       ??0b2Fixture@@IAE@XZ       00409c50 f   Box2D:b2Fixture.obj
 0001:00008c80       ?Create@b2Fixture@@IAEXPAVb2BlockAllocator@@PAVb2Body@@PBUb2FixtureDef@@@Z 00409c80 f   Box2D:b2Fixture.obj
 0001:00008d30       ?Destroy@b2Fixture@@IAEXPAVb2BlockAllocator@@@Z 00409d30 f   Box2D:b2Fixture.obj
 0001:00008e00       ?CreateProxies@b2Fixture@@IAEXPAVb2BroadPhase@@ABUb2Transform@@@Z 00409e00 f   Box2D:b2Fixture.obj
 0001:00008f60       ?DestroyProxies@b2Fixture@@IAEXPAVb2BroadPhase@@@Z 00409f60 f   Box2D:b2Fixture.obj
 0001:00009020       ?Synchronize@b2Fixture@@IAEXPAVb2BroadPhase@@ABUb2Transform@@1@Z 0040a020 f   Box2D:b2Fixture.obj
 0001:000091c0       ?SetFilterData@b2Fixture@@QAEXABUb2Filter@@@Z 0040a1c0 f   Box2D:b2Fixture.obj
 0001:000091e0       ?Refilter@b2Fixture@@QAEXXZ 0040a1e0 f   Box2D:b2Fixture.obj
 0001:000092d0       ?SetSensor@b2Fixture@@QAEX_N@Z 0040a2d0 f   Box2D:b2Fixture.obj
 0001:00009300       ?Dump@b2Fixture@@QAEXH@Z   0040a300 f   Box2D:b2Fixture.obj
 0001:00009680       ?b2Alloc@@YAPAXH@Z         0040a680 f   Box2D:b2Settings.obj
 0001:00009690       ?b2Free@@YAXPAX@Z          0040a690 f   Box2D:b2Settings.obj
 0001:000096a0       ?b2Log@@YAXPBDZZ           0040a6a0 f   Box2D:b2Settings.obj
 0001:000096c0       ?Create@b2Joint@@KAPAV1@PBUb2JointDef@@PAVb2BlockAllocator@@@Z 0040a6c0 f   Box2D:b2Joint.obj
 0001:00009850       ?Destroy@b2Joint@@KAXPAV1@PAVb2BlockAllocator@@@Z 0040a850 f   Box2D:b2Joint.obj
 0001:00009960       ??0b2Joint@@IAE@PBUb2JointDef@@@Z 0040a960 f   Box2D:b2Joint.obj
 0001:000099e0       ?IsActive@b2Joint@@QBE_NXZ 0040a9e0 f   Box2D:b2Joint.obj
 0001:00009a00       ?b2MixFriction@@YAMMM@Z    0040aa00 f i Box2D:b2Contact.obj
 0001:00009a20       ?b2MixRestitution@@YAMMM@Z 0040aa20 f i Box2D:b2Contact.obj
 0001:00009a30       ??1b2Contact@@MAE@XZ       0040aa30 f i Box2D:b2Contact.obj
 0001:00009a40       ??_Eb2Contact@@MAEPAXI@Z   0040aa40 f i  CIL library: CIL module
 0001:00009a40       ??_Gb2Contact@@MAEPAXI@Z   0040aa40 f i Box2D:b2Contact.obj
 0001:00009a70       ??0b2Manifold@@QAE@XZ      0040aa70 f i Box2D:b2Contact.obj
 0001:00009a80       ??0b2ManifoldPoint@@QAE@XZ 0040aa80 f i Box2D:b2Contact.obj
 0001:00009a90       ?InitializeRegisters@b2Contact@@KAXXZ 0040aa90 f   Box2D:b2Contact.obj
 0001:00009be0       ?AddType@b2Contact@@KAXP6APAV1@PAVb2Fixture@@H0HPAVb2BlockAllocator@@@ZP6AXPAV1@1@ZW4Type@b2Shape@@5@Z 0040abe0 f   Box2D:b2Contact.obj
 0001:00009c30       ?Create@b2Contact@@KAPAV1@PAVb2Fixture@@H0HPAVb2BlockAllocator@@@Z 0040ac30 f   Box2D:b2Contact.obj
 0001:00009ca0       ?Destroy@b2Contact@@KAXPAV1@PAVb2BlockAllocator@@@Z 0040aca0 f   Box2D:b2Contact.obj
 0001:00009d10       ??0b2Contact@@IAE@PAVb2Fixture@@H0H@Z 0040ad10 f   Box2D:b2Contact.obj
 0001:00009de0       ?Update@b2Contact@@IAEXPAVb2ContactListener@@@Z 0040ade0 f   Box2D:b2Contact.obj
 0001:00009fa0       _floorf                    0040afa0 f i Box2D:b2TimeOfImpact.obj
 0001:00009fd0       ??Zb2Vec2@@QAEXABU0@@Z     0040afd0 f i Box2D:b2TimeOfImpact.obj
 0001:0000a000       ?GetTransform@b2Sweep@@QBEXPAUb2Transform@@M@Z 0040b000 f i Box2D:b2TimeOfImpact.obj
 0001:0000a100       ?Normalize@b2Sweep@@QAEXXZ 0040b100 f i Box2D:b2TimeOfImpact.obj
 0001:0000a170       ?GetVertex@b2DistanceProxy@@QBEABUb2Vec2@@H@Z 0040b170 f i Box2D:b2TimeOfImpact.obj
 0001:0000a180       ?GetSupport@b2DistanceProxy@@QBEHABUb2Vec2@@@Z 0040b180 f i Box2D:b2TimeOfImpact.obj
 0001:0000a1f0       ?Initialize@b2SeparationFunction@@QAEMPBUb2SimplexCache@@PBUb2DistanceProxy@@ABUb2Sweep@@12M@Z 0040b1f0 f i Box2D:b2TimeOfImpact.obj
 0001:0000aa50       ?FindMinSeparation@b2SeparationFunction@@QBEMPAH0M@Z 0040ba50 f i Box2D:b2TimeOfImpact.obj
 0001:0000b190       ?Evaluate@b2SeparationFunction@@QBEMHHM@Z 0040c190 f i Box2D:b2TimeOfImpact.obj
 0001:0000b630       ?b2TimeOfImpact@@YAXPAUb2TOIOutput@@PBUb2TOIInput@@@Z 0040c630 f   Box2D:b2TimeOfImpact.obj
 0001:0000c120       ??0b2SeparationFunction@@QAE@XZ 0040d120 f i Box2D:b2TimeOfImpact.obj
 0001:0000c130       ??$b2Max@H@@YAHHH@Z        0040d130 f i Box2D:b2TimeOfImpact.obj
 0001:0000c140       ?GetLocalPoint@b2Body@@QBE?AUb2Vec2@@ABU2@@Z 0040d140 f i Box2D:b2PulleyJoint.obj
 0001:0000c1a0       ?Initialize@b2PulleyJointDef@@QAEXPAVb2Body@@0ABUb2Vec2@@111M@Z 0040d1a0 f   Box2D:b2PulleyJoint.obj
 0001:0000c310       ??0b2PulleyJoint@@IAE@PBUb2PulleyJointDef@@@Z 0040d310 f   Box2D:b2PulleyJoint.obj
 0001:0000c390       ??_Eb2PulleyJoint@@UAEPAXI@Z 0040d390 f i  CIL library: CIL module
 0001:0000c390       ??_Gb2PulleyJoint@@UAEPAXI@Z 0040d390 f i Box2D:b2PulleyJoint.obj
 0001:0000c3c0       ??1b2PulleyJoint@@UAE@XZ   0040d3c0 f i Box2D:b2PulleyJoint.obj
 0001:0000c3d0       ?InitVelocityConstraints@b2PulleyJoint@@MAEXABUb2SolverData@@@Z 0040d3d0 f   Box2D:b2PulleyJoint.obj
 0001:0000c9b0       ?SolveVelocityConstraints@b2PulleyJoint@@MAEXABUb2SolverData@@@Z 0040d9b0 f   Box2D:b2PulleyJoint.obj
 0001:0000cc30       ?SolvePositionConstraints@b2PulleyJoint@@MAE_NABUb2SolverData@@@Z 0040dc30 f   Box2D:b2PulleyJoint.obj
 0001:0000d070       ?GetAnchorA@b2PulleyJoint@@UBE?AUb2Vec2@@XZ 0040e070 f   Box2D:b2PulleyJoint.obj
 0001:0000d0c0       ?GetAnchorB@b2PulleyJoint@@UBE?AUb2Vec2@@XZ 0040e0c0 f   Box2D:b2PulleyJoint.obj
 0001:0000d110       ?GetReactionForce@b2PulleyJoint@@UBE?AUb2Vec2@@M@Z 0040e110 f   Box2D:b2PulleyJoint.obj
 0001:0000d150       ?GetReactionTorque@b2PulleyJoint@@UBEMM@Z 0040e150 f   Box2D:b2PulleyJoint.obj
 0001:0000d160       ?GetGroundAnchorA@b2PulleyJoint@@QBE?AUb2Vec2@@XZ 0040e160 f   Box2D:b2PulleyJoint.obj
 0001:0000d180       ?GetGroundAnchorB@b2PulleyJoint@@QBE?AUb2Vec2@@XZ 0040e180 f   Box2D:b2PulleyJoint.obj
 0001:0000d1a0       ?GetLengthA@b2PulleyJoint@@QBEMXZ 0040e1a0 f   Box2D:b2PulleyJoint.obj
 0001:0000d220       ?GetLengthB@b2PulleyJoint@@QBEMXZ 0040e220 f   Box2D:b2PulleyJoint.obj
 0001:0000d2a0       ?GetRatio@b2PulleyJoint@@QBEMXZ 0040e2a0 f   Box2D:b2PulleyJoint.obj
 0001:0000d2b0       ?Dump@b2PulleyJoint@@UAEXXZ 0040e2b0 f   Box2D:b2PulleyJoint.obj
 0001:0000d400       ?b2Distance@@YAMABUb2Vec2@@0@Z 0040e400 f i Box2D:b2Distance.obj
 0001:0000d440       ?Set@b2DistanceProxy@@QAEXPBVb2Shape@@H@Z 0040e440 f   Box2D:b2Distance.obj
 0001:0000d520       ?ReadCache@b2Simplex@@QAEXPBUb2SimplexCache@@PBUb2DistanceProxy@@ABUb2Transform@@12@Z 0040e520 f i Box2D:b2Distance.obj
 0001:0000d8a0       ?WriteCache@b2Simplex@@QBEXPAUb2SimplexCache@@@Z 0040e8a0 f i Box2D:b2Distance.obj
 0001:0000d970       ?GetSearchDirection@b2Simplex@@QBE?AUb2Vec2@@XZ 0040e970 f i Box2D:b2Distance.obj
 0001:0000da30       ?GetClosestPoint@b2Simplex@@QBE?AUb2Vec2@@XZ 0040ea30 f i Box2D:b2Distance.obj
 0001:0000dac0       ?GetWitnessPoints@b2Simplex@@QBEXPAUb2Vec2@@0@Z 0040eac0 f i Box2D:b2Distance.obj
 0001:0000dc10       ?GetMetric@b2Simplex@@QBEMXZ 0040ec10 f i Box2D:b2Distance.obj
 0001:0000dcb0       ?Solve2@b2Simplex@@QAEXXZ  0040ecb0 f   Box2D:b2Distance.obj
 0001:0000dda0       ?Solve3@b2Simplex@@QAEXXZ  0040eda0 f   Box2D:b2Distance.obj
 0001:0000e130       ?b2Distance@@YAXPAUb2DistanceOutput@@PAUb2SimplexCache@@PBUb2DistanceInput@@@Z 0040f130 f   Box2D:b2Distance.obj
 0001:0000e8e0       ??0b2Simplex@@QAE@XZ       0040f8e0 f i Box2D:b2Distance.obj
 0001:0000e8f0       ??0b2SimplexVertex@@QAE@XZ 0040f8f0 f i Box2D:b2Distance.obj
 0001:0000e900       ??0b2BroadPhase@@QAE@XZ    0040f900 f   Box2D:b2BroadPhase.obj
 0001:0000e950       ??1b2BroadPhase@@QAE@XZ    0040f950 f   Box2D:b2BroadPhase.obj
 0001:0000e970       ?CreateProxy@b2BroadPhase@@QAEHABUb2AABB@@PAX@Z 0040f970 f   Box2D:b2BroadPhase.obj
 0001:0000ea60       ?DestroyProxy@b2BroadPhase@@QAEXH@Z 0040fa60 f   Box2D:b2BroadPhase.obj
 0001:0000ead0       ?MoveProxy@b2BroadPhase@@QAEXHABUb2AABB@@ABUb2Vec2@@@Z 0040fad0 f   Box2D:b2BroadPhase.obj
 0001:0000eb40       ?TouchProxy@b2BroadPhase@@QAEXH@Z 0040fb40 f   Box2D:b2BroadPhase.obj
 0001:0000eba0       ?BufferMove@b2BroadPhase@@AAEXH@Z 0040fba0 f   Box2D:b2BroadPhase.obj
 0001:0000ec00       ?UnBufferMove@b2BroadPhase@@AAEXH@Z 0040fc00 f   Box2D:b2BroadPhase.obj
 0001:0000ec40       ?QueryCallback@b2BroadPhase@@AAE_NH@Z 0040fc40 f   Box2D:b2BroadPhase.obj
 0001:0000ecc0       ??$b2Min@H@@YAHHH@Z        0040fcc0 f i Box2D:b2BroadPhase.obj
 0001:0000ecd0       ??0b2Island@@QAE@HHHPAVb2StackAllocator@@PAVb2ContactListener@@@Z 0040fcd0 f   Box2D:b2Island.obj
 0001:0000ed70       ??1b2Island@@QAE@XZ        0040fd70 f   Box2D:b2Island.obj
 0001:0000eee0       ?Solve@b2Island@@QAEXPAUb2Profile@@ABUb2TimeStep@@ABUb2Vec2@@_N@Z 0040fee0 f   Box2D:b2Island.obj
 0001:0000f800       ?SolveTOI@b2Island@@QAEXABUb2TimeStep@@HH@Z 00410800 f   Box2D:b2Island.obj
 0001:0000fc50       ?Report@b2Island@@QAEXPBUb2ContactVelocityConstraint@@@Z 00410c50 f   Box2D:b2Island.obj
 0001:0000fd50       ??$b2Clamp@M@@YAMMMM@Z     00410d50 f i Box2D:b2Island.obj
 0001:0000fd70       ??1b2Draw@@UAE@XZ          00410d70 f i Box2D:b2Draw.obj
 0001:0000fd80       ??_Gb2Draw@@UAEPAXI@Z      00410d80 f i Box2D:b2Draw.obj
 0001:0000fd80       ??_Eb2Draw@@UAEPAXI@Z      00410d80 f i  CIL library: CIL module
 0001:0000fdb0       ??0b2Draw@@QAE@XZ          00410db0 f   Box2D:b2Draw.obj
 0001:0000fdc0       ?SetFlags@b2Draw@@QAEXI@Z  00410dc0 f   Box2D:b2Draw.obj
 0001:0000fdd0       ?GetFlags@b2Draw@@QBEIXZ   00410dd0 f   Box2D:b2Draw.obj
 0001:0000fde0       ?AppendFlags@b2Draw@@QAEXI@Z 00410de0 f   Box2D:b2Draw.obj
 0001:0000fdf0       ?ClearFlags@b2Draw@@QAEXI@Z 00410df0 f   Box2D:b2Draw.obj
 0001:0000fe00       ?GetPerimeter@b2AABB@@QBEMXZ 00410e00 f i Box2D:b2DynamicTree.obj
 0001:0000fe20       ?Contains@b2AABB@@QBE_NABU1@@Z 00410e20 f i Box2D:b2DynamicTree.obj
 0001:0000fe60       ??0b2DynamicTree@@QAE@XZ   00410e60 f   Box2D:b2DynamicTree.obj
 0001:0000ff00       ??1b2DynamicTree@@QAE@XZ   00410f00 f   Box2D:b2DynamicTree.obj
 0001:0000ff10       ?AllocateNode@b2DynamicTree@@AAEHXZ 00410f10 f   Box2D:b2DynamicTree.obj
 0001:0000ffe0       ?FreeNode@b2DynamicTree@@AAEXH@Z 00410fe0 f   Box2D:b2DynamicTree.obj
 0001:00010010       ?CreateProxy@b2DynamicTree@@QAEHABUb2AABB@@PAX@Z 00411010 f   Box2D:b2DynamicTree.obj
 0001:000100b0       ?DestroyProxy@b2DynamicTree@@QAEXH@Z 004110b0 f   Box2D:b2DynamicTree.obj
 0001:000100f0       ?MoveProxy@b2DynamicTree@@QAE_NHABUb2AABB@@ABUb2Vec2@@@Z 004110f0 f   Box2D:b2DynamicTree.obj
 0001:00010240       ?InsertLeaf@b2DynamicTree@@AAEXH@Z 00411240 f   Box2D:b2DynamicTree.obj
 0001:00010700       ?RemoveLeaf@b2DynamicTree@@AAEXH@Z 00411700 f   Box2D:b2DynamicTree.obj
 0001:00010880       ?Balance@b2DynamicTree@@AAEHH@Z 00411880 f   Box2D:b2DynamicTree.obj
 0001:00010cc0       ?GetHeight@b2DynamicTree@@QBEHXZ 00411cc0 f   Box2D:b2DynamicTree.obj
 0001:00010ce0       ?GetAreaRatio@b2DynamicTree@@QBEMXZ 00411ce0 f   Box2D:b2DynamicTree.obj
 0001:00010d60       ?ComputeHeight@b2DynamicTree@@ABEHH@Z 00411d60 f   Box2D:b2DynamicTree.obj
 0001:00010db0       ?ComputeHeight@b2DynamicTree@@ABEHXZ 00411db0 f   Box2D:b2DynamicTree.obj
 0001:00010df0       ?ValidateStructure@b2DynamicTree@@ABEXH@Z 00411df0 f   Box2D:b2DynamicTree.obj
 0001:00010e30       ?ValidateMetrics@b2DynamicTree@@ABEXH@Z 00411e30 f   Box2D:b2DynamicTree.obj
 0001:00010e70       ?Validate@b2DynamicTree@@QBEXXZ 00411e70 f   Box2D:b2DynamicTree.obj
 0001:00010e90       ?GetMaxBalance@b2DynamicTree@@QBEHXZ 00411e90 f   Box2D:b2DynamicTree.obj
 0001:00010ee0       ?RebuildBottomUp@b2DynamicTree@@QAEXXZ 00411ee0 f   Box2D:b2DynamicTree.obj
 0001:000111b0       ??$b2Abs@H@@YAHH@Z         004121b0 f i Box2D:b2DynamicTree.obj
 0001:000111c0       ??0b2StackAllocator@@QAE@XZ 004121c0 f   Box2D:b2StackAllocator.obj
 0001:000111f0       ??1b2StackAllocator@@QAE@XZ 004121f0 f   Box2D:b2StackAllocator.obj
 0001:00011200       ?Allocate@b2StackAllocator@@QAEPAXH@Z 00412200 f   Box2D:b2StackAllocator.obj
 0001:00011280       ?Free@b2StackAllocator@@QAEXPAX@Z 00412280 f   Box2D:b2StackAllocator.obj
 0001:000112d0       ?GetMaxAllocation@b2StackAllocator@@QBEHXZ 004122d0 f   Box2D:b2StackAllocator.obj
 0001:000112e0       ??0b2Timer@@QAE@XZ         004122e0 f   Box2D:b2Timer.obj
 0001:00011350       ?Reset@b2Timer@@QAEXXZ     00412350 f   Box2D:b2Timer.obj
 0001:00011370       ?GetMilliseconds@b2Timer@@QBEMXZ 00412370 f   Box2D:b2Timer.obj
 0001:000113b0       ?GetFilterData@b2Fixture@@QBEABUb2Filter@@XZ 004123b0 f i Box2D:b2WorldCallbacks.obj
 0001:000113c0       ?ShouldCollide@b2ContactFilter@@UAE_NPAVb2Fixture@@0@Z 004123c0 f   Box2D:b2WorldCallbacks.obj
 0001:00011410       ?SetZero@b2Vec3@@QAEXXZ    00412410 f i Box2D:b2WeldJoint.obj
 0001:00011430       ?Set@b2Vec3@@QAEXMMM@Z     00412430 f i Box2D:b2WeldJoint.obj
 0001:00011440       ??Gb2Vec3@@QBE?AU0@XZ      00412440 f i Box2D:b2WeldJoint.obj
 0001:00011480       ??Yb2Vec3@@QAEXABU0@@Z     00412480 f i Box2D:b2WeldJoint.obj
 0001:000114c0       ??Xb2Vec3@@QAEXM@Z         004124c0 f i Box2D:b2WeldJoint.obj
 0001:000114f0       ??0b2Mat33@@QAE@XZ         004124f0 f i Box2D:b2WeldJoint.obj
 0001:00011500       ??D@YA?AUb2Vec3@@MABU0@@Z  00412500 f i Box2D:b2WeldJoint.obj
 0001:00011530       ??H@YA?AUb2Vec3@@ABU0@0@Z  00412530 f i Box2D:b2WeldJoint.obj
 0001:00011570       ?b2Mul@@YA?AUb2Vec3@@ABUb2Mat33@@ABU1@@Z 00412570 f i Box2D:b2WeldJoint.obj
 0001:00011610       ?b2Mul22@@YA?AUb2Vec2@@ABUb2Mat33@@ABU1@@Z 00412610 f i Box2D:b2WeldJoint.obj
 0001:00011650       ?GetAngle@b2Body@@QBEMXZ   00412650 f i Box2D:b2WeldJoint.obj
 0001:00011660       ?Initialize@b2WeldJointDef@@QAEXPAVb2Body@@0ABUb2Vec2@@@Z 00412660 f   Box2D:b2WeldJoint.obj
 0001:00011730       ??0b2WeldJoint@@IAE@PBUb2WeldJointDef@@@Z 00412730 f   Box2D:b2WeldJoint.obj
 0001:00011790       ??_Eb2WeldJoint@@UAEPAXI@Z 00412790 f i  CIL library: CIL module
 0001:00011790       ??_Gb2WeldJoint@@UAEPAXI@Z 00412790 f i Box2D:b2WeldJoint.obj
 0001:000117c0       ??1b2WeldJoint@@UAE@XZ     004127c0 f i Box2D:b2WeldJoint.obj
 0001:000117d0       ?InitVelocityConstraints@b2WeldJoint@@MAEXABUb2SolverData@@@Z 004127d0 f   Box2D:b2WeldJoint.obj
 0001:00011f00       ?SolveVelocityConstraints@b2WeldJoint@@MAEXABUb2SolverData@@@Z 00412f00 f   Box2D:b2WeldJoint.obj
 0001:000123c0       ?SolvePositionConstraints@b2WeldJoint@@MAE_NABUb2SolverData@@@Z 004133c0 f   Box2D:b2WeldJoint.obj
 0001:00012ad0       ?GetAnchorA@b2WeldJoint@@UBE?AUb2Vec2@@XZ 00413ad0 f   Box2D:b2WeldJoint.obj
 0001:00012b20       ?GetAnchorB@b2WeldJoint@@UBE?AUb2Vec2@@XZ 00413b20 f   Box2D:b2WeldJoint.obj
 0001:00012b70       ?GetReactionForce@b2WeldJoint@@UBE?AUb2Vec2@@M@Z 00413b70 f   Box2D:b2WeldJoint.obj
 0001:00012ba0       ?GetReactionTorque@b2WeldJoint@@UBEMM@Z 00413ba0 f   Box2D:b2WeldJoint.obj
 0001:00012bc0       ?Dump@b2WeldJoint@@UAEXXZ  00413bc0 f   Box2D:b2WeldJoint.obj
 0001:00012cc0       ?Solve@b2Mat22@@QBE?AUb2Vec2@@ABU2@@Z 00413cc0 f i Box2D:b2PrismaticJoint.obj
 0001:00012d50       ??G@YA?AUb2Vec3@@ABU0@0@Z  00413d50 f i Box2D:b2PrismaticJoint.obj
 0001:00012d90       ?GetWorldVector@b2Body@@QBE?AUb2Vec2@@ABU2@@Z 00413d90 f i Box2D:b2PrismaticJoint.obj
 0001:00012de0       ?GetLocalVector@b2Body@@QBE?AUb2Vec2@@ABU2@@Z 00413de0 f i Box2D:b2PrismaticJoint.obj
 0001:00012e30       ?Initialize@b2PrismaticJointDef@@QAEXPAVb2Body@@0ABUb2Vec2@@1@Z 00413e30 f   Box2D:b2PrismaticJoint.obj
 0001:00012f50       ??0b2PrismaticJoint@@IAE@PBUb2PrismaticJointDef@@@Z 00413f50 f   Box2D:b2PrismaticJoint.obj
 0001:000130d0       ??_Eb2PrismaticJoint@@UAEPAXI@Z 004140d0 f i  CIL library: CIL module
 0001:000130d0       ??_Gb2PrismaticJoint@@UAEPAXI@Z 004140d0 f i Box2D:b2PrismaticJoint.obj
 0001:00013100       ??1b2PrismaticJoint@@UAE@XZ 00414100 f i Box2D:b2PrismaticJoint.obj
 0001:00013110       ?InitVelocityConstraints@b2PrismaticJoint@@MAEXABUb2SolverData@@@Z 00414110 f   Box2D:b2PrismaticJoint.obj
 0001:000138a0       ?SolveVelocityConstraints@b2PrismaticJoint@@MAEXABUb2SolverData@@@Z 004148a0 f   Box2D:b2PrismaticJoint.obj
 0001:00014150       ?SolvePositionConstraints@b2PrismaticJoint@@MAE_NABUb2SolverData@@@Z 00415150 f   Box2D:b2PrismaticJoint.obj
 0001:00014a20       ?GetAnchorA@b2PrismaticJoint@@UBE?AUb2Vec2@@XZ 00415a20 f   Box2D:b2PrismaticJoint.obj
 0001:00014a70       ?GetAnchorB@b2PrismaticJoint@@UBE?AUb2Vec2@@XZ 00415a70 f   Box2D:b2PrismaticJoint.obj
 0001:00014ac0       ?GetReactionForce@b2PrismaticJoint@@UBE?AUb2Vec2@@M@Z 00415ac0 f   Box2D:b2PrismaticJoint.obj
 0001:00014b20       ?GetReactionTorque@b2PrismaticJoint@@UBEMM@Z 00415b20 f   Box2D:b2PrismaticJoint.obj
 0001:00014b40       ?GetJointTranslation@b2PrismaticJoint@@QBEMXZ 00415b40 f   Box2D:b2PrismaticJoint.obj
 0001:00014c00       ?GetJointSpeed@b2PrismaticJoint@@QBEMXZ 00415c00 f   Box2D:b2PrismaticJoint.obj
 0001:00014db0       ?IsLimitEnabled@b2PrismaticJoint@@QBE_NXZ 00415db0 f   Box2D:b2PrismaticJoint.obj
 0001:00014dc0       ?EnableLimit@b2PrismaticJoint@@QAEX_N@Z 00415dc0 f   Box2D:b2PrismaticJoint.obj
 0001:00014e20       ?GetLowerLimit@b2PrismaticJoint@@QBEMXZ 00415e20 f   Box2D:b2PrismaticJoint.obj
 0001:00014e30       ?GetUpperLimit@b2PrismaticJoint@@QBEMXZ 00415e30 f   Box2D:b2PrismaticJoint.obj
 0001:00014e40       ?SetLimits@b2PrismaticJoint@@QAEXMM@Z 00415e40 f   Box2D:b2PrismaticJoint.obj
 0001:00014ea0       ?IsMotorEnabled@b2PrismaticJoint@@QBE_NXZ 00415ea0 f   Box2D:b2PrismaticJoint.obj
 0001:00014eb0       ?EnableMotor@b2PrismaticJoint@@QAEX_N@Z 00415eb0 f   Box2D:b2PrismaticJoint.obj
 0001:00014f00       ?SetMotorSpeed@b2PrismaticJoint@@QAEXM@Z 00415f00 f   Box2D:b2PrismaticJoint.obj
 0001:00014f50       ?SetMaxMotorForce@b2PrismaticJoint@@QAEXM@Z 00415f50 f   Box2D:b2PrismaticJoint.obj
 0001:00014fa0       ?GetMotorForce@b2PrismaticJoint@@QBEMM@Z 00415fa0 f   Box2D:b2PrismaticJoint.obj
 0001:00014fb0       ?Dump@b2PrismaticJoint@@UAEXXZ 00415fb0 f   Box2D:b2PrismaticJoint.obj
 0001:00015140       ?Initialize@b2RevoluteJointDef@@QAEXPAVb2Body@@0ABUb2Vec2@@@Z 00416140 f   Box2D:b2RevoluteJoint.obj
 0001:00015210       ??0b2RevoluteJoint@@IAE@PBUb2RevoluteJointDef@@@Z 00416210 f   Box2D:b2RevoluteJoint.obj
 0001:000152a0       ??_Gb2RevoluteJoint@@UAEPAXI@Z 004162a0 f i Box2D:b2RevoluteJoint.obj
 0001:000152a0       ??_Eb2RevoluteJoint@@UAEPAXI@Z 004162a0 f i  CIL library: CIL module
 0001:000152d0       ??1b2RevoluteJoint@@UAE@XZ 004162d0 f i Box2D:b2RevoluteJoint.obj
 0001:000152e0       ?InitVelocityConstraints@b2RevoluteJoint@@MAEXABUb2SolverData@@@Z 004162e0 f   Box2D:b2RevoluteJoint.obj
 0001:000158e0       ?SolveVelocityConstraints@b2RevoluteJoint@@MAEXABUb2SolverData@@@Z 004168e0 f   Box2D:b2RevoluteJoint.obj
 0001:00016070       ?SolvePositionConstraints@b2RevoluteJoint@@MAE_NABUb2SolverData@@@Z 00417070 f   Box2D:b2RevoluteJoint.obj
 0001:000165d0       ?GetAnchorA@b2RevoluteJoint@@UBE?AUb2Vec2@@XZ 004175d0 f   Box2D:b2RevoluteJoint.obj
 0001:00016620       ?GetAnchorB@b2RevoluteJoint@@UBE?AUb2Vec2@@XZ 00417620 f   Box2D:b2RevoluteJoint.obj
 0001:00016670       ?GetReactionForce@b2RevoluteJoint@@UBE?AUb2Vec2@@M@Z 00417670 f   Box2D:b2RevoluteJoint.obj
 0001:000166a0       ?GetReactionTorque@b2RevoluteJoint@@UBEMM@Z 004176a0 f   Box2D:b2RevoluteJoint.obj
 0001:000166c0       ?GetJointAngle@b2RevoluteJoint@@QBEMXZ 004176c0 f   Box2D:b2RevoluteJoint.obj
 0001:000166e0       ?GetJointSpeed@b2RevoluteJoint@@QBEMXZ 004176e0 f   Box2D:b2RevoluteJoint.obj
 0001:00016700       ?IsMotorEnabled@b2RevoluteJoint@@QBE_NXZ 00417700 f   Box2D:b2RevoluteJoint.obj
 0001:00016710       ?EnableMotor@b2RevoluteJoint@@QAEX_N@Z 00417710 f   Box2D:b2RevoluteJoint.obj
 0001:00016760       ?GetMotorTorque@b2RevoluteJoint@@QBEMM@Z 00417760 f   Box2D:b2RevoluteJoint.obj
 0001:00016770       ?SetMotorSpeed@b2RevoluteJoint@@QAEXM@Z 00417770 f   Box2D:b2RevoluteJoint.obj
 0001:000167b0       ?SetMaxMotorTorque@b2RevoluteJoint@@QAEXM@Z 004177b0 f   Box2D:b2RevoluteJoint.obj
 0001:000167f0       ?IsLimitEnabled@b2RevoluteJoint@@QBE_NXZ 004177f0 f   Box2D:b2RevoluteJoint.obj
 0001:00016800       ?EnableLimit@b2RevoluteJoint@@QAEX_N@Z 00417800 f   Box2D:b2RevoluteJoint.obj
 0001:00016860       ?GetLowerLimit@b2RevoluteJoint@@QBEMXZ 00417860 f   Box2D:b2RevoluteJoint.obj
 0001:00016870       ?GetUpperLimit@b2RevoluteJoint@@QBEMXZ 00417870 f   Box2D:b2RevoluteJoint.obj
 0001:00016880       ?SetLimits@b2RevoluteJoint@@QAEXMM@Z 00417880 f   Box2D:b2RevoluteJoint.obj
 0001:000168e0       ?Dump@b2RevoluteJoint@@UAEXXZ 004178e0 f   Box2D:b2RevoluteJoint.obj
 0001:00016a30       ?Initialize@b2WheelJointDef@@QAEXPAVb2Body@@0ABUb2Vec2@@1@Z 00417a30 f   Box2D:b2WheelJoint.obj
 0001:00016b40       ??0b2WheelJoint@@IAE@PBUb2WheelJointDef@@@Z 00417b40 f   Box2D:b2WheelJoint.obj
 0001:00016c40       ??_Eb2WheelJoint@@UAEPAXI@Z 00417c40 f i  CIL library: CIL module
 0001:00016c40       ??_Gb2WheelJoint@@UAEPAXI@Z 00417c40 f i Box2D:b2WheelJoint.obj
 0001:00016c70       ??1b2WheelJoint@@UAE@XZ    00417c70 f i Box2D:b2WheelJoint.obj
 0001:00016c80       ?InitVelocityConstraints@b2WheelJoint@@MAEXABUb2SolverData@@@Z 00417c80 f   Box2D:b2WheelJoint.obj
 0001:000173d0       ?SolveVelocityConstraints@b2WheelJoint@@MAEXABUb2SolverData@@@Z 004183d0 f   Box2D:b2WheelJoint.obj
 0001:00017780       ?SolvePositionConstraints@b2WheelJoint@@MAE_NABUb2SolverData@@@Z 00418780 f   Box2D:b2WheelJoint.obj
 0001:00017af0       ?GetAnchorA@b2WheelJoint@@UBE?AUb2Vec2@@XZ 00418af0 f   Box2D:b2WheelJoint.obj
 0001:00017b40       ?GetAnchorB@b2WheelJoint@@UBE?AUb2Vec2@@XZ 00418b40 f   Box2D:b2WheelJoint.obj
 0001:00017b90       ?GetReactionForce@b2WheelJoint@@UBE?AUb2Vec2@@M@Z 00418b90 f   Box2D:b2WheelJoint.obj
 0001:00017bf0       ?GetReactionTorque@b2WheelJoint@@UBEMM@Z 00418bf0 f   Box2D:b2WheelJoint.obj
 0001:00017c10       ?GetJointTranslation@b2WheelJoint@@QBEMXZ 00418c10 f   Box2D:b2WheelJoint.obj
 0001:00017cd0       ?GetJointSpeed@b2WheelJoint@@QBEMXZ 00418cd0 f   Box2D:b2WheelJoint.obj
 0001:00017cf0       ?IsMotorEnabled@b2WheelJoint@@QBE_NXZ 00418cf0 f   Box2D:b2WheelJoint.obj
 0001:00017d00       ?EnableMotor@b2WheelJoint@@QAEX_N@Z 00418d00 f   Box2D:b2WheelJoint.obj
 0001:00017d50       ?SetMotorSpeed@b2WheelJoint@@QAEXM@Z 00418d50 f   Box2D:b2WheelJoint.obj
 0001:00017d90       ?SetMaxMotorTorque@b2WheelJoint@@QAEXM@Z 00418d90 f   Box2D:b2WheelJoint.obj
 0001:00017dd0       ?GetMotorTorque@b2WheelJoint@@QBEMM@Z 00418dd0 f   Box2D:b2WheelJoint.obj
 0001:00017de0       ?Dump@b2WheelJoint@@UAEXXZ 00418de0 f   Box2D:b2WheelJoint.obj
 0001:00017f40       ??0b2RopeJoint@@IAE@PBUb2RopeJointDef@@@Z 00418f40 f   Box2D:b2RopeJoint.obj
 0001:00017fa0       ??_Eb2RopeJoint@@UAEPAXI@Z 00418fa0 f i  CIL library: CIL module
 0001:00017fa0       ??_Gb2RopeJoint@@UAEPAXI@Z 00418fa0 f i Box2D:b2RopeJoint.obj
 0001:00017fd0       ??1b2RopeJoint@@UAE@XZ     00418fd0 f i Box2D:b2RopeJoint.obj
 0001:00017fe0       ?InitVelocityConstraints@b2RopeJoint@@MAEXABUb2SolverData@@@Z 00418fe0 f   Box2D:b2RopeJoint.obj
 0001:000184b0       ?SolveVelocityConstraints@b2RopeJoint@@MAEXABUb2SolverData@@@Z 004194b0 f   Box2D:b2RopeJoint.obj
 0001:000186e0       ?SolvePositionConstraints@b2RopeJoint@@MAE_NABUb2SolverData@@@Z 004196e0 f   Box2D:b2RopeJoint.obj
 0001:00018a10       ?GetAnchorA@b2RopeJoint@@UBE?AUb2Vec2@@XZ 00419a10 f   Box2D:b2RopeJoint.obj
 0001:00018a60       ?GetAnchorB@b2RopeJoint@@UBE?AUb2Vec2@@XZ 00419a60 f   Box2D:b2RopeJoint.obj
 0001:00018ab0       ?GetReactionForce@b2RopeJoint@@UBE?AUb2Vec2@@M@Z 00419ab0 f   Box2D:b2RopeJoint.obj
 0001:00018ae0       ?GetReactionTorque@b2RopeJoint@@UBEMM@Z 00419ae0 f   Box2D:b2RopeJoint.obj
 0001:00018af0       ?GetMaxLength@b2RopeJoint@@QBEMXZ 00419af0 f   Box2D:b2RopeJoint.obj
 0001:00018b00       ?GetLimitState@b2RopeJoint@@QBE?AW4b2LimitState@@XZ 00419b00 f   Box2D:b2RopeJoint.obj
 0001:00018b10       ?Dump@b2RopeJoint@@UAEXXZ  00419b10 f   Box2D:b2RopeJoint.obj
 0001:00018be0       ??0b2GearJoint@@IAE@PBUb2GearJointDef@@@Z 00419be0 f   Box2D:b2GearJoint.obj
 0001:00018f00       ??_Gb2GearJoint@@UAEPAXI@Z 00419f00 f i Box2D:b2GearJoint.obj
 0001:00018f00       ??_Eb2GearJoint@@UAEPAXI@Z 00419f00 f i  CIL library: CIL module
 0001:00018f30       ??1b2GearJoint@@UAE@XZ     00419f30 f i Box2D:b2GearJoint.obj
 0001:00018f40       ?InitVelocityConstraints@b2GearJoint@@MAEXABUb2SolverData@@@Z 00419f40 f   Box2D:b2GearJoint.obj
 0001:00019820       ?SolveVelocityConstraints@b2GearJoint@@MAEXABUb2SolverData@@@Z 0041a820 f   Box2D:b2GearJoint.obj
 0001:00019bd0       ?SolvePositionConstraints@b2GearJoint@@MAE_NABUb2SolverData@@@Z 0041abd0 f   Box2D:b2GearJoint.obj
 0001:0001a480       ?GetAnchorA@b2GearJoint@@UBE?AUb2Vec2@@XZ 0041b480 f   Box2D:b2GearJoint.obj
 0001:0001a4d0       ?GetAnchorB@b2GearJoint@@UBE?AUb2Vec2@@XZ 0041b4d0 f   Box2D:b2GearJoint.obj
 0001:0001a520       ?GetReactionForce@b2GearJoint@@UBE?AUb2Vec2@@M@Z 0041b520 f   Box2D:b2GearJoint.obj
 0001:0001a560       ?GetReactionTorque@b2GearJoint@@UBEMM@Z 0041b560 f   Box2D:b2GearJoint.obj
 0001:0001a590       ?SetRatio@b2GearJoint@@QAEXM@Z 0041b590 f   Box2D:b2GearJoint.obj
 0001:0001a5a0       ?GetRatio@b2GearJoint@@QBEMXZ 0041b5a0 f   Box2D:b2GearJoint.obj
 0001:0001a5b0       ?Dump@b2GearJoint@@UAEXXZ  0041b5b0 f   Box2D:b2GearJoint.obj
 0001:0001a660       ?Initialize@b2DistanceJointDef@@QAEXPAVb2Body@@0ABUb2Vec2@@1@Z 0041b660 f   Box2D:b2DistanceJoint.obj
 0001:0001a760       ??0b2DistanceJoint@@IAE@PBUb2DistanceJointDef@@@Z 0041b760 f   Box2D:b2DistanceJoint.obj
 0001:0001a7c0       ??_Gb2DistanceJoint@@UAEPAXI@Z 0041b7c0 f i Box2D:b2DistanceJoint.obj
 0001:0001a7c0       ??_Eb2DistanceJoint@@UAEPAXI@Z 0041b7c0 f i  CIL library: CIL module
 0001:0001a7f0       ??1b2DistanceJoint@@UAE@XZ 0041b7f0 f i Box2D:b2DistanceJoint.obj
 0001:0001a800       ?InitVelocityConstraints@b2DistanceJoint@@MAEXABUb2SolverData@@@Z 0041b800 f   Box2D:b2DistanceJoint.obj
 0001:0001ad70       ?SolveVelocityConstraints@b2DistanceJoint@@MAEXABUb2SolverData@@@Z 0041bd70 f   Box2D:b2DistanceJoint.obj
 0001:0001af90       ?SolvePositionConstraints@b2DistanceJoint@@MAE_NABUb2SolverData@@@Z 0041bf90 f   Box2D:b2DistanceJoint.obj
 0001:0001b2e0       ?GetAnchorA@b2DistanceJoint@@UBE?AUb2Vec2@@XZ 0041c2e0 f   Box2D:b2DistanceJoint.obj
 0001:0001b330       ?GetAnchorB@b2DistanceJoint@@UBE?AUb2Vec2@@XZ 0041c330 f   Box2D:b2DistanceJoint.obj
 0001:0001b380       ?GetReactionForce@b2DistanceJoint@@UBE?AUb2Vec2@@M@Z 0041c380 f   Box2D:b2DistanceJoint.obj
 0001:0001b3b0       ?GetReactionTorque@b2DistanceJoint@@UBEMM@Z 0041c3b0 f   Box2D:b2DistanceJoint.obj
 0001:0001b3c0       ?Dump@b2DistanceJoint@@UAEXXZ 0041c3c0 f   Box2D:b2DistanceJoint.obj
 0001:0001b4c0       ?Initialize@b2FrictionJointDef@@QAEXPAVb2Body@@0ABUb2Vec2@@@Z 0041c4c0 f   Box2D:b2FrictionJoint.obj
 0001:0001b580       ??0b2FrictionJoint@@IAE@PBUb2FrictionJointDef@@@Z 0041c580 f   Box2D:b2FrictionJoint.obj
 0001:0001b5e0       ??_Eb2FrictionJoint@@UAEPAXI@Z 0041c5e0 f i  CIL library: CIL module
 0001:0001b5e0       ??_Gb2FrictionJoint@@UAEPAXI@Z 0041c5e0 f i Box2D:b2FrictionJoint.obj
 0001:0001b610       ??1b2FrictionJoint@@UAE@XZ 0041c610 f i Box2D:b2FrictionJoint.obj
 0001:0001b620       ?InitVelocityConstraints@b2FrictionJoint@@MAEXABUb2SolverData@@@Z 0041c620 f   Box2D:b2FrictionJoint.obj
 0001:0001bb10       ?SolveVelocityConstraints@b2FrictionJoint@@MAEXABUb2SolverData@@@Z 0041cb10 f   Box2D:b2FrictionJoint.obj
 0001:0001be80       ?SolvePositionConstraints@b2FrictionJoint@@MAE_NABUb2SolverData@@@Z 0041ce80 f   Box2D:b2FrictionJoint.obj
 0001:0001be90       ?GetAnchorA@b2FrictionJoint@@UBE?AUb2Vec2@@XZ 0041ce90 f   Box2D:b2FrictionJoint.obj
 0001:0001bee0       ?GetAnchorB@b2FrictionJoint@@UBE?AUb2Vec2@@XZ 0041cee0 f   Box2D:b2FrictionJoint.obj
 0001:0001bf30       ?GetReactionForce@b2FrictionJoint@@UBE?AUb2Vec2@@M@Z 0041cf30 f   Box2D:b2FrictionJoint.obj
 0001:0001bf60       ?GetReactionTorque@b2FrictionJoint@@UBEMM@Z 0041cf60 f   Box2D:b2FrictionJoint.obj
 0001:0001bf80       ?SetMaxForce@b2FrictionJoint@@QAEXM@Z 0041cf80 f   Box2D:b2FrictionJoint.obj
 0001:0001bf90       ?GetMaxForce@b2FrictionJoint@@QBEMXZ 0041cf90 f   Box2D:b2FrictionJoint.obj
 0001:0001bfa0       ?SetMaxTorque@b2FrictionJoint@@QAEXM@Z 0041cfa0 f   Box2D:b2FrictionJoint.obj
 0001:0001bfb0       ?GetMaxTorque@b2FrictionJoint@@QBEMXZ 0041cfb0 f   Box2D:b2FrictionJoint.obj
 0001:0001bfc0       ?Dump@b2FrictionJoint@@UAEXXZ 0041cfc0 f   Box2D:b2FrictionJoint.obj
 0001:0001c0b0       ??1b2PolygonAndCircleContact@@UAE@XZ 0041d0b0 f i Box2D:b2PolygonAndCircleContact.obj
 0001:0001c0c0       ??_Eb2PolygonAndCircleContact@@UAEPAXI@Z 0041d0c0 f i  CIL library: CIL module
 0001:0001c0c0       ??_Gb2PolygonAndCircleContact@@UAEPAXI@Z 0041d0c0 f i Box2D:b2PolygonAndCircleContact.obj
 0001:0001c0f0       ?Create@b2PolygonAndCircleContact@@SAPAVb2Contact@@PAVb2Fixture@@H0HPAVb2BlockAllocator@@@Z 0041d0f0 f   Box2D:b2PolygonAndCircleContact.obj
 0001:0001c130       ?Destroy@b2PolygonAndCircleContact@@SAXPAVb2Contact@@PAVb2BlockAllocator@@@Z 0041d130 f   Box2D:b2PolygonAndCircleContact.obj
 0001:0001c160       ??0b2PolygonAndCircleContact@@QAE@PAVb2Fixture@@0@Z 0041d160 f   Box2D:b2PolygonAndCircleContact.obj
 0001:0001c190       ?Evaluate@b2PolygonAndCircleContact@@UAEXPAUb2Manifold@@ABUb2Transform@@1@Z 0041d190 f   Box2D:b2PolygonAndCircleContact.obj
 0001:0001c1c0       ??1b2ChainAndCircleContact@@UAE@XZ 0041d1c0 f i Box2D:b2ChainAndCircleContact.obj
 0001:0001c1d0       ??_Gb2ChainAndCircleContact@@UAEPAXI@Z 0041d1d0 f i Box2D:b2ChainAndCircleContact.obj
 0001:0001c1d0       ??_Eb2ChainAndCircleContact@@UAEPAXI@Z 0041d1d0 f i  CIL library: CIL module
 0001:0001c200       ??0b2EdgeShape@@QAE@XZ     0041d200 f i Box2D:b2ChainAndCircleContact.obj
 0001:0001c240       ??_Gb2EdgeShape@@UAEPAXI@Z 0041d240 f i Box2D:b2ChainAndCircleContact.obj
 0001:0001c240       ??_Eb2EdgeShape@@UAEPAXI@Z 0041d240 f i  CIL library: CIL module
 0001:0001c270       ??1b2EdgeShape@@UAE@XZ     0041d270 f i Box2D:b2ChainAndCircleContact.obj
 0001:0001c280       ?Create@b2ChainAndCircleContact@@SAPAVb2Contact@@PAVb2Fixture@@H0HPAVb2BlockAllocator@@@Z 0041d280 f   Box2D:b2ChainAndCircleContact.obj
 0001:0001c2c0       ?Destroy@b2ChainAndCircleContact@@SAXPAVb2Contact@@PAVb2BlockAllocator@@@Z 0041d2c0 f   Box2D:b2ChainAndCircleContact.obj
 0001:0001c2f0       ??0b2ChainAndCircleContact@@QAE@PAVb2Fixture@@H0H@Z 0041d2f0 f   Box2D:b2ChainAndCircleContact.obj
 0001:0001c320       ?Evaluate@b2ChainAndCircleContact@@UAEXPAUb2Manifold@@ABUb2Transform@@1@Z 0041d320 f   Box2D:b2ChainAndCircleContact.obj
 0001:0001c3a0       ??1b2CircleContact@@UAE@XZ 0041d3a0 f i Box2D:b2CircleContact.obj
 0001:0001c3b0       ??_Gb2CircleContact@@UAEPAXI@Z 0041d3b0 f i Box2D:b2CircleContact.obj
 0001:0001c3b0       ??_Eb2CircleContact@@UAEPAXI@Z 0041d3b0 f i  CIL library: CIL module
 0001:0001c3e0       ?Create@b2CircleContact@@SAPAVb2Contact@@PAVb2Fixture@@H0HPAVb2BlockAllocator@@@Z 0041d3e0 f   Box2D:b2CircleContact.obj
 0001:0001c420       ?Destroy@b2CircleContact@@SAXPAVb2Contact@@PAVb2BlockAllocator@@@Z 0041d420 f   Box2D:b2CircleContact.obj
 0001:0001c450       ??0b2CircleContact@@QAE@PAVb2Fixture@@0@Z 0041d450 f   Box2D:b2CircleContact.obj
 0001:0001c480       ?Evaluate@b2CircleContact@@UAEXPAUb2Manifold@@ABUb2Transform@@1@Z 0041d480 f   Box2D:b2CircleContact.obj
 0001:0001c580       ??1b2EdgeAndPolygonContact@@UAE@XZ 0041d580 f i Box2D:b2EdgeAndPolygonContact.obj
 0001:0001c590       ??_Eb2EdgeAndPolygonContact@@UAEPAXI@Z 0041d590 f i  CIL library: CIL module
 0001:0001c590       ??_Gb2EdgeAndPolygonContact@@UAEPAXI@Z 0041d590 f i Box2D:b2EdgeAndPolygonContact.obj
 0001:0001c5c0       ?Create@b2EdgeAndPolygonContact@@SAPAVb2Contact@@PAVb2Fixture@@H0HPAVb2BlockAllocator@@@Z 0041d5c0 f   Box2D:b2EdgeAndPolygonContact.obj
 0001:0001c600       ?Destroy@b2EdgeAndPolygonContact@@SAXPAVb2Contact@@PAVb2BlockAllocator@@@Z 0041d600 f   Box2D:b2EdgeAndPolygonContact.obj
 0001:0001c630       ??0b2EdgeAndPolygonContact@@QAE@PAVb2Fixture@@0@Z 0041d630 f   Box2D:b2EdgeAndPolygonContact.obj
 0001:0001c660       ?Evaluate@b2EdgeAndPolygonContact@@UAEXPAUb2Manifold@@ABUb2Transform@@1@Z 0041d660 f   Box2D:b2EdgeAndPolygonContact.obj
 0001:0001c6b0       ??1b2PolygonContact@@UAE@XZ 0041d6b0 f i Box2D:b2PolygonContact.obj
 0001:0001c6c0       ??_Gb2PolygonContact@@UAEPAXI@Z 0041d6c0 f i Box2D:b2PolygonContact.obj
 0001:0001c6c0       ??_Eb2PolygonContact@@UAEPAXI@Z 0041d6c0 f i  CIL library: CIL module
 0001:0001c6f0       ?Create@b2PolygonContact@@SAPAVb2Contact@@PAVb2Fixture@@H0HPAVb2BlockAllocator@@@Z 0041d6f0 f   Box2D:b2PolygonContact.obj
 0001:0001c730       ?Destroy@b2PolygonContact@@SAXPAVb2Contact@@PAVb2BlockAllocator@@@Z 0041d730 f   Box2D:b2PolygonContact.obj
 0001:0001c760       ??0b2PolygonContact@@QAE@PAVb2Fixture@@0@Z 0041d760 f   Box2D:b2PolygonContact.obj
 0001:0001c790       ?Evaluate@b2PolygonContact@@UAEXPAUb2Manifold@@ABUb2Transform@@1@Z 0041d790 f   Box2D:b2PolygonContact.obj
 0001:0001c7c0       ??1b2ChainAndPolygonContact@@UAE@XZ 0041d7c0 f i Box2D:b2ChainAndPolygonContact.obj
 0001:0001c7d0       ??_Eb2ChainAndPolygonContact@@UAEPAXI@Z 0041d7d0 f i  CIL library: CIL module
 0001:0001c7d0       ??_Gb2ChainAndPolygonContact@@UAEPAXI@Z 0041d7d0 f i Box2D:b2ChainAndPolygonContact.obj
 0001:0001c800       ?Create@b2ChainAndPolygonContact@@SAPAVb2Contact@@PAVb2Fixture@@H0HPAVb2BlockAllocator@@@Z 0041d800 f   Box2D:b2ChainAndPolygonContact.obj
 0001:0001c840       ?Destroy@b2ChainAndPolygonContact@@SAXPAVb2Contact@@PAVb2BlockAllocator@@@Z 0041d840 f   Box2D:b2ChainAndPolygonContact.obj
 0001:0001c870       ??0b2ChainAndPolygonContact@@QAE@PAVb2Fixture@@H0H@Z 0041d870 f   Box2D:b2ChainAndPolygonContact.obj
 0001:0001c8a0       ?Evaluate@b2ChainAndPolygonContact@@UAEXPAUb2Manifold@@ABUb2Transform@@1@Z 0041d8a0 f   Box2D:b2ChainAndPolygonContact.obj
 0001:0001c950       ??1b2EdgeAndCircleContact@@UAE@XZ 0041d950 f i Box2D:b2EdgeAndCircleContact.obj
 0001:0001c960       ??_Gb2EdgeAndCircleContact@@UAEPAXI@Z 0041d960 f i Box2D:b2EdgeAndCircleContact.obj
 0001:0001c960       ??_Eb2EdgeAndCircleContact@@UAEPAXI@Z 0041d960 f i  CIL library: CIL module
 0001:0001c990       ?Create@b2EdgeAndCircleContact@@SAPAVb2Contact@@PAVb2Fixture@@H0HPAVb2BlockAllocator@@@Z 0041d990 f   Box2D:b2EdgeAndCircleContact.obj
 0001:0001c9d0       ?Destroy@b2EdgeAndCircleContact@@SAXPAVb2Contact@@PAVb2BlockAllocator@@@Z 0041d9d0 f   Box2D:b2EdgeAndCircleContact.obj
 0001:0001ca00       ??0b2EdgeAndCircleContact@@QAE@PAVb2Fixture@@0@Z 0041da00 f   Box2D:b2EdgeAndCircleContact.obj
 0001:0001ca30       ?Evaluate@b2EdgeAndCircleContact@@UAEXPAUb2Manifold@@ABUb2Transform@@1@Z 0041da30 f   Box2D:b2EdgeAndCircleContact.obj
 0001:0001ca60       ?SetZero@b2Mat22@@QAEXXZ   0041da60 f i Box2D:b2ContactSolver.obj
 0001:0001ca80       ?GetManifold@b2Contact@@QAEPAUb2Manifold@@XZ 0041da80 f i Box2D:b2ContactSolver.obj
 0001:0001ca90       ??0b2ContactSolver@@QAE@PAUb2ContactSolverDef@@@Z 0041da90 f   Box2D:b2ContactSolver.obj
 0001:0001cd10       ??1b2ContactSolver@@QAE@XZ 0041dd10 f   Box2D:b2ContactSolver.obj
 0001:0001cdb0       ?InitializeVelocityConstraints@b2ContactSolver@@QAEXXZ 0041ddb0 f   Box2D:b2ContactSolver.obj
 0001:0001d4d0       ??0b2WorldManifold@@QAE@XZ 0041e4d0 f i Box2D:b2ContactSolver.obj
 0001:0001d4e0       ?WarmStart@b2ContactSolver@@QAEXXZ 0041e4e0 f   Box2D:b2ContactSolver.obj
 0001:0001d6d0       ?SolveVelocityConstraints@b2ContactSolver@@QAEXXZ 0041e6d0 f   Box2D:b2ContactSolver.obj
 0001:0001e0e0       ?StoreImpulses@b2ContactSolver@@QAEXXZ 0041f0e0 f   Box2D:b2ContactSolver.obj
 0001:0001e160       ?Initialize@b2PositionSolverManifold@@QAEXPAUb2ContactPositionConstraint@@ABUb2Transform@@1H@Z 0041f160 f i Box2D:b2ContactSolver.obj
 0001:0001e560       ?SolvePositionConstraints@b2ContactSolver@@QAE_NXZ 0041f560 f   Box2D:b2ContactSolver.obj
 0001:0001ea60       ??0b2PositionSolverManifold@@QAE@XZ 0041fa60 f i Box2D:b2ContactSolver.obj
 0001:0001ea70       ?SolveTOIPositionConstraints@b2ContactSolver@@QAE_NHH@Z 0041fa70 f   Box2D:b2ContactSolver.obj
 0001:0001efa0       ?b2CollideCircles@@YAXPAUb2Manifold@@PBVb2CircleShape@@ABUb2Transform@@12@Z 0041ffa0 f   Box2D:b2CollideCircle.obj
 0001:0001f090       ?b2CollidePolygonAndCircle@@YAXPAUb2Manifold@@PBVb2PolygonShape@@ABUb2Transform@@PBVb2CircleShape@@2@Z 00420090 f   Box2D:b2CollideCircle.obj
 0001:0001f500       ?b2MulT@@YA?AUb2Rot@@ABU1@0@Z 00420500 f i Box2D:b2CollideEdge.obj
 0001:0001f540       ?b2MulT@@YA?AUb2Transform@@ABU1@0@Z 00420540 f i Box2D:b2CollideEdge.obj
 0001:0001f5f0       ?b2CollideEdgeAndCircle@@YAXPAUb2Manifold@@PBVb2EdgeShape@@ABUb2Transform@@PBVb2CircleShape@@2@Z 004205f0 f   Box2D:b2CollideEdge.obj
 0001:0001fa60       ?Collide@b2EPCollider@@QAEXPAUb2Manifold@@PBVb2EdgeShape@@ABUb2Transform@@PBVb2PolygonShape@@2@Z 00420a60 f   Box2D:b2CollideEdge.obj
 0001:00020fb0       ??0b2ClipVertex@@QAE@XZ    00421fb0 f i Box2D:b2CollideEdge.obj
 0001:00020fc0       ??0b2ReferenceFace@@QAE@XZ 00421fc0 f i Box2D:b2CollideEdge.obj
 0001:00020fd0       ?ComputeEdgeSeparation@b2EPCollider@@QAE?AUb2EPAxis@@XZ 00421fd0 f   Box2D:b2CollideEdge.obj
 0001:00021060       ?ComputePolygonSeparation@b2EPCollider@@QAE?AUb2EPAxis@@XZ 00422060 f   Box2D:b2CollideEdge.obj
 0001:000211c0       ?b2CollideEdgeAndPolygon@@YAXPAUb2Manifold@@PBVb2EdgeShape@@ABUb2Transform@@PBVb2PolygonShape@@2@Z 004221c0 f   Box2D:b2CollideEdge.obj
 0001:00021200       ??0b2EPCollider@@QAE@XZ    00422200 f i Box2D:b2CollideEdge.obj
 0001:00021210       ??0b2TempPolygon@@QAE@XZ   00422210 f i Box2D:b2CollideEdge.obj
 0001:00021220       ?Set@b2EdgeShape@@QAEXABUb2Vec2@@0@Z 00422220 f   Box2D:b2EdgeShape.obj
 0001:00021250       ?Clone@b2EdgeShape@@UBEPAVb2Shape@@PAVb2BlockAllocator@@@Z 00422250 f   Box2D:b2EdgeShape.obj
 0001:00021300       ??4b2EdgeShape@@QAEAAV0@ABV0@@Z 00422300 f i Box2D:b2EdgeShape.obj
 0001:00021360       ?GetChildCount@b2EdgeShape@@UBEHXZ 00422360 f   Box2D:b2EdgeShape.obj
 0001:00021370       ?TestPoint@b2EdgeShape@@UBE_NABUb2Transform@@ABUb2Vec2@@@Z 00422370 f   Box2D:b2EdgeShape.obj
 0001:00021380       ?RayCast@b2EdgeShape@@UBE_NPAUb2RayCastOutput@@ABUb2RayCastInput@@ABUb2Transform@@H@Z 00422380 f   Box2D:b2EdgeShape.obj
 0001:00021630       ?ComputeAABB@b2EdgeShape@@UBEXPAUb2AABB@@ABUb2Transform@@H@Z 00422630 f   Box2D:b2EdgeShape.obj
 0001:00021740       ?ComputeMass@b2EdgeShape@@UBEXPAUb2MassData@@M@Z 00422740 f   Box2D:b2EdgeShape.obj
 0001:000217a0       ??0b2ChainShape@@QAE@XZ    004227a0 f i Box2D:b2ChainShape.obj
 0001:000217d0       ??_Eb2ChainShape@@UAEPAXI@Z 004227d0 f i  CIL library: CIL module
 0001:000217d0       ??_Gb2ChainShape@@UAEPAXI@Z 004227d0 f i Box2D:b2ChainShape.obj
 0001:00021820       ??1b2ChainShape@@UAE@XZ    00422820 f   Box2D:b2ChainShape.obj
 0001:00021850       ?CreateLoop@b2ChainShape@@QAEXPBUb2Vec2@@H@Z 00422850 f   Box2D:b2ChainShape.obj
 0001:000218c0       ?CreateChain@b2ChainShape@@QAEXPBUb2Vec2@@H@Z 004228c0 f   Box2D:b2ChainShape.obj
 0001:00021900       ?SetPrevVertex@b2ChainShape@@QAEXABUb2Vec2@@@Z 00422900 f   Box2D:b2ChainShape.obj
 0001:00021920       ?SetNextVertex@b2ChainShape@@QAEXABUb2Vec2@@@Z 00422920 f   Box2D:b2ChainShape.obj
 0001:00021940       ?Clone@b2ChainShape@@UBEPAVb2Shape@@PAVb2BlockAllocator@@@Z 00422940 f   Box2D:b2ChainShape.obj
 0001:000219f0       ?GetChildCount@b2ChainShape@@UBEHXZ 004229f0 f   Box2D:b2ChainShape.obj
 0001:00021a00       ?GetChildEdge@b2ChainShape@@QBEXPAVb2EdgeShape@@H@Z 00422a00 f   Box2D:b2ChainShape.obj
 0001:00021ab0       ?TestPoint@b2ChainShape@@UBE_NABUb2Transform@@ABUb2Vec2@@@Z 00422ab0 f   Box2D:b2ChainShape.obj
 0001:00021ac0       ?RayCast@b2ChainShape@@UBE_NPAUb2RayCastOutput@@ABUb2RayCastInput@@ABUb2Transform@@H@Z 00422ac0 f   Box2D:b2ChainShape.obj
 0001:00021b60       ?ComputeAABB@b2ChainShape@@UBEXPAUb2AABB@@ABUb2Transform@@H@Z 00422b60 f   Box2D:b2ChainShape.obj
 0001:00021c70       ?ComputeMass@b2ChainShape@@UBEXPAUb2MassData@@M@Z 00422c70 f   Box2D:b2ChainShape.obj
 0001:00022600       ?b2CollidePolygons@@YAXPAUb2Manifold@@PBVb2PolygonShape@@ABUb2Transform@@12@Z 00423600 f   Box2D:b2CollidePolygon.obj
 0001:00022d60       ??0bad_alloc@std@@QAE@XZ   00423d60 f i HyMMS:Managed_Object.obj
 0001:00022d90       ??1bad_alloc@std@@UAE@XZ   00423d90 f i HyMMS:Managed_Object.obj
 0001:00022da0       ??_Gbad_alloc@std@@UAEPAXI@Z 00423da0 f i HyMMS:Managed_Object.obj
 0001:00022da0       ??_Ebad_alloc@std@@UAEPAXI@Z 00423da0 f i  CIL library: CIL module
 0001:00022dd0       ?length@?$char_traits@D@std@@SAIPBD@Z 00423dd0 f i HyMMS:Managed_Object.obj
 0001:00022df0       ?copy@?$char_traits@D@std@@SAPADPADPBDI@Z 00423df0 f i HyMMS:Managed_Object.obj
 0001:00022e10       ?move@?$char_traits@D@std@@SAPADPADPBDI@Z 00423e10 f i HyMMS:Managed_Object.obj
 0001:00022e30       ?assign@?$char_traits@D@std@@SAXAADABD@Z 00423e30 f i HyMMS:Managed_Object.obj
 0001:00022e40       ??0error_category@std@@QAE@XZ 00423e40 f i HyMMS:Managed_Object.obj
 0001:00022e50       ??1error_category@std@@UAE@XZ 00423e50 f i HyMMS:Managed_Object.obj
 0001:00022e60       ??8error_category@std@@QBE_NABV01@@Z 00423e60 f i HyMMS:Managed_Object.obj
 0001:00022e70       ??_Gerror_category@std@@UAEPAXI@Z 00423e70 f i HyMMS:Managed_Object.obj
 0001:00022e70       ??_Eerror_category@std@@UAEPAXI@Z 00423e70 f i  CIL library: CIL module
 0001:00022ea0       ?value@error_code@std@@QBEHXZ 00423ea0 f i HyMMS:Managed_Object.obj
 0001:00022eb0       ?category@error_code@std@@QBEABVerror_category@2@XZ 00423eb0 f i HyMMS:Managed_Object.obj
 0001:00022ec0       ??0error_condition@std@@QAE@HABVerror_category@1@@Z 00423ec0 f i HyMMS:Managed_Object.obj
 0001:00022ee0       ?value@error_condition@std@@QBEHXZ 00423ee0 f i HyMMS:Managed_Object.obj
 0001:00022ef0       ?category@error_condition@std@@QBEABVerror_category@2@XZ 00423ef0 f i HyMMS:Managed_Object.obj
 0001:00022f00       ??8error_condition@std@@QBE_NABV01@@Z 00423f00 f i HyMMS:Managed_Object.obj
 0001:00022f20       ?default_error_condition@error_category@std@@UBE?AVerror_condition@2@H@Z 00423f20 f i HyMMS:Managed_Object.obj
 0001:00022f40       ?equivalent@error_category@std@@UBE_NHABVerror_condition@2@@Z 00423f40 f i HyMMS:Managed_Object.obj
 0001:00022f80       ?equivalent@error_category@std@@UBE_NABVerror_code@2@H@Z 00423f80 f i HyMMS:Managed_Object.obj
 0001:00022fa0       ??0_Generic_error_category@std@@QAE@XZ 00423fa0 f i HyMMS:Managed_Object.obj
 0001:00022fb0       ?name@_Generic_error_category@std@@UBEPBDXZ 00423fb0 f i HyMMS:Managed_Object.obj
 0001:00022fc0       ?message@_Generic_error_category@std@@UBE?AV?$basic_string@DU?$char_traits@D@std@@V?$allocator@D@2@@2@H@Z 00423fc0 f i HyMMS:Managed_Object.obj
 0001:00023040       ??_G_Generic_error_category@std@@UAEPAXI@Z 00424040 f i HyMMS:Managed_Object.obj
 0001:00023040       ??_E_Generic_error_category@std@@UAEPAXI@Z 00424040 f i  CIL library: CIL module
 0001:00023070       ??1_Generic_error_category@std@@UAE@XZ 00424070 f i HyMMS:Managed_Object.obj
 0001:00023080       ??0_Iostream_error_category@std@@QAE@XZ 00424080 f i HyMMS:Managed_Object.obj
 0001:00023090       ?name@_Iostream_error_category@std@@UBEPBDXZ 00424090 f i HyMMS:Managed_Object.obj
 0001:000230a0       ?message@_Iostream_error_category@std@@UBE?AV?$basic_string@DU?$char_traits@D@std@@V?$allocator@D@2@@2@H@Z 004240a0 f i HyMMS:Managed_Object.obj
 0001:000230f0       ??_G_Iostream_error_category@std@@UAEPAXI@Z 004240f0 f i HyMMS:Managed_Object.obj
 0001:000230f0       ??_E_Iostream_error_category@std@@UAEPAXI@Z 004240f0 f i  CIL library: CIL module
 0001:00023120       ??1_Iostream_error_category@std@@UAE@XZ 00424120 f i HyMMS:Managed_Object.obj
 0001:00023130       ??0_System_error_category@std@@QAE@XZ 00424130 f i HyMMS:Managed_Object.obj
 0001:00023140       ?name@_System_error_category@std@@UBEPBDXZ 00424140 f i HyMMS:Managed_Object.obj
 0001:00023150       ?message@_System_error_category@std@@UBE?AV?$basic_string@DU?$char_traits@D@std@@V?$allocator@D@2@@2@H@Z 00424150 f i HyMMS:Managed_Object.obj
 0001:000231d0       ?default_error_condition@_System_error_category@std@@UBE?AVerror_condition@2@H@Z 004241d0 f i HyMMS:Managed_Object.obj
 0001:00023210       ??_G_System_error_category@std@@UAEPAXI@Z 00424210 f i HyMMS:Managed_Object.obj
 0001:00023210       ??_E_System_error_category@std@@UAEPAXI@Z 00424210 f i  CIL library: CIL module
 0001:00023240       ??1_System_error_category@std@@UAE@XZ 00424240 f i HyMMS:Managed_Object.obj
 0001:00023250       ?generic_category@std@@YAABVerror_category@1@XZ 00424250 f i HyMMS:Managed_Object.obj
 0001:00023260       ?system_category@std@@YAABVerror_category@1@XZ 00424260 f i HyMMS:Managed_Object.obj
 0001:00023270       ?CalculateAdjustment@@YADPAXD@Z 00424270 f i HyMMS:Managed_Object.obj
 0001:00023290       ??0Managed_Object@@QAE@XZ  00424290 f   HyMMS:Managed_Object.obj
 0001:00023380       ??_GManaged_Object@@UAEPAXI@Z 00424380 f i HyMMS:Managed_Object.obj
 0001:00023380       ??_EManaged_Object@@UAEPAXI@Z 00424380 f i  CIL library: CIL module
 0001:00023390       ??1Managed_Object@@UAE@XZ  00424390 f   HyMMS:Managed_Object.obj
 0001:000233f0       ??2Managed_Object@@SAPAXII_N@Z 004243f0 f   HyMMS:Managed_Object.obj
 0001:00023510       ??0bad_alloc@std@@QAE@ABV01@@Z 00424510 f i HyMMS:Managed_Object.obj
 0001:00023530       ??2Managed_Object@@SAPAXIPAX@Z 00424530 f   HyMMS:Managed_Object.obj
 0001:00023570       ??3Managed_Object@@SAXPAXI@Z 00424570 f   HyMMS:Managed_Object.obj
 0001:00023580       ??3Managed_Object@@SAXPAXI_N@Z 00424580 f   HyMMS:Managed_Object.obj
 0001:00023590       ??3Managed_Object@@SAXPAX0@Z 00424590 f   HyMMS:Managed_Object.obj
 0001:000235a0       ??4Managed_Object@@QAEAAV0@ABV0@@Z 004245a0 f   HyMMS:Managed_Object.obj
 0001:000235b0       ??0Managed_Object@@AAE@PAV0@@Z 004245b0 f   HyMMS:Managed_Object.obj
 0001:00023650       ?init@Managed_Object@@AAEXXZ 00424650 f i HyMMS:Managed_Object.obj
 0001:00023690       ?reg@Managed_Object@@AAEXXZ 00424690 f i HyMMS:Managed_Object.obj
 0001:000236e0       ?removeNurseryFlags@Managed_Object@@AAEXXZ 004246e0 f   HyMMS:Managed_Object.obj
 0001:00023770       ?isInBounds@Managed_Object@@AAE_NPAX@Z 00424770 f   HyMMS:Managed_Object.obj
 0001:000237a0       ?getIndex@Managed_Object@@AAEIXZ 004247a0 f   HyMMS:Managed_Object.obj
 0001:000237b0       ?getSize@Managed_Object@@AAEIXZ 004247b0 f   HyMMS:Managed_Object.obj
 0001:000237c0       ?getNextObjPadding@Managed_Object@@AAEDXZ 004247c0 f   HyMMS:Managed_Object.obj
 0001:000237d0       ?getUpperBound@Managed_Object@@AAEPAXXZ 004247d0 f   HyMMS:Managed_Object.obj
 0001:000237e0       ?firstHandleOffset@Managed_Object@@AAEAAPAXXZ 004247e0 f   HyMMS:Managed_Object.obj
 0001:000237f0       ?lastHandleOffset@Managed_Object@@AAEAAPAXXZ 004247f0 f   HyMMS:Managed_Object.obj
 0001:00023800       ?proxiedObj@Managed_Object@@AAEAAPAXXZ 00424800 f   HyMMS:Managed_Object.obj
 0001:00023810       ?nextProxiedObj@Managed_Object@@AAEAAPAXXZ 00424810 f   HyMMS:Managed_Object.obj
 0001:00023820       ??0?$basic_string@DU?$char_traits@D@std@@V?$allocator@D@2@@std@@QAE@PBD@Z 00424820 f i HyMMS:Managed_Object.obj
 0001:00023880       ??1?$basic_string@DU?$char_traits@D@std@@V?$allocator@D@2@@std@@QAE@XZ 00424880 f i HyMMS:Managed_Object.obj
 0001:000238b0       ?assign@?$basic_string@DU?$char_traits@D@std@@V?$allocator@D@2@@std@@QAEAAV12@PBD@Z 004248b0 f i HyMMS:Managed_Object.obj
 0001:000238f0       ?size@?$basic_string@DU?$char_traits@D@std@@V?$allocator@D@2@@std@@QBEIXZ 004248f0 f i HyMMS:Managed_Object.obj
 0001:00023900       ?_Tidy@?$basic_string@DU?$char_traits@D@std@@V?$allocator@D@2@@std@@QAEX_NI@Z 00424900 f i HyMMS:Managed_Object.obj
 0001:00023950       ??0?$allocator@D@std@@QAE@XZ 00424950 f i HyMMS:Managed_Object.obj
 0001:00023960       ??0?$_String_alloc@$0A@U?$_String_base_types@DV?$allocator@D@std@@@std@@@std@@QAE@ABV?$allocator@D@1@@Z 00424960 f i HyMMS:Managed_Object.obj
 0001:00023980       ?_Myptr@?$_String_val@U?$_Simple_types@D@std@@@std@@QBEPBDXZ 00424980 f i HyMMS:Managed_Object.obj
 0001:00023990       ?assign@?$basic_string@DU?$char_traits@D@std@@V?$allocator@D@2@@std@@QAEAAV12@PBDI@Z 00424990 f i HyMMS:Managed_Object.obj
 0001:00023a90       ?_Eos@?$basic_string@DU?$char_traits@D@std@@V?$allocator@D@2@@std@@QAEXI@Z 00424a90 f i HyMMS:Managed_Object.obj
 0001:00023ac0       ?_Xran@?$basic_string@DU?$char_traits@D@std@@V?$allocator@D@2@@std@@QBEXXZ 00424ac0 f i HyMMS:Managed_Object.obj
 0001:00023ad0       ?_Getal@?$_String_alloc@$0A@U?$_String_base_types@DV?$allocator@D@std@@@std@@@std@@QBE?AU?$_Wrap_alloc@V?$allocator@D@std@@@2@XZ 00424ad0 f i HyMMS:Managed_Object.obj
 0001:00023ae0       ?deallocate@?$_Wrap_alloc@V?$allocator@D@std@@@std@@QAEXPADI@Z 00424ae0 f i HyMMS:Managed_Object.obj
 0001:00023b00       ??0?$_String_val@U?$_Simple_types@D@std@@@std@@QAE@XZ 00424b00 f i HyMMS:Managed_Object.obj
 0001:00023b20       ?assign@?$basic_string@DU?$char_traits@D@std@@V?$allocator@D@2@@std@@QAEAAV12@ABV12@II@Z 00424b20 f i HyMMS:Managed_Object.obj
 0001:00023c40       ?_Grow@?$basic_string@DU?$char_traits@D@std@@V?$allocator@D@2@@std@@QAE_NI_N@Z 00424c40 f i HyMMS:Managed_Object.obj
 0001:00023cf0       ?_Inside@?$basic_string@DU?$char_traits@D@std@@V?$allocator@D@2@@std@@QAE_NPBD@Z 00424cf0 f i HyMMS:Managed_Object.obj
 0001:00023d30       ?deallocate@?$allocator@D@std@@QAEXPADI@Z 00424d30 f i HyMMS:Managed_Object.obj
 0001:00023d50       ??0?$_Wrap_alloc@V?$allocator@D@std@@@std@@QAE@XZ 00424d50 f i HyMMS:Managed_Object.obj
 0001:00023d60       ?_Myptr@?$_String_val@U?$_Simple_types@D@std@@@std@@QAEPADXZ 00424d60 f i HyMMS:Managed_Object.obj
 0001:00023d70       ?erase@?$basic_string@DU?$char_traits@D@std@@V?$allocator@D@2@@std@@QAEAAV12@I@Z 00424d70 f i HyMMS:Managed_Object.obj
 0001:00023db0       ?erase@?$basic_string@DU?$char_traits@D@std@@V?$allocator@D@2@@std@@QAEAAV12@II@Z 00424db0 f i HyMMS:Managed_Object.obj
 0001:00023e50       ?max_size@?$basic_string@DU?$char_traits@D@std@@V?$allocator@D@2@@std@@QBEIXZ 00424e50 f i HyMMS:Managed_Object.obj
 0001:00023e60       ?_Copy@?$basic_string@DU?$char_traits@D@std@@V?$allocator@D@2@@std@@QAEXII@Z 00424e60 f i HyMMS:Managed_Object.obj
 0001:00023fc0       ?_Xlen@?$basic_string@DU?$char_traits@D@std@@V?$allocator@D@2@@std@@QBEXXZ 00424fc0 f i HyMMS:Managed_Object.obj
 0001:00023fd0       ?allocate@?$_Wrap_alloc@V?$allocator@D@std@@@std@@QAEPADI@Z 00424fd0 f i HyMMS:Managed_Object.obj
 0001:00024000       ?max_size@?$_Wrap_alloc@V?$allocator@D@std@@@std@@QBEIXZ 00425000 f i HyMMS:Managed_Object.obj
 0001:00024010       ?allocate@?$allocator@D@std@@QAEPADI@Z 00425010 f i HyMMS:Managed_Object.obj
 0001:00024040       ?max_size@?$allocator_traits@V?$allocator@D@std@@@std@@SAIABV?$allocator@D@2@@Z 00425040 f i HyMMS:Managed_Object.obj
 0001:00024050       ?max_size@?$allocator@D@std@@QBEIXZ 00425050 f i HyMMS:Managed_Object.obj
 0001:00024060       ?UnsetNurseryFlag@?$SmartHandle@VManaged_Object@@@@IAEXXZ 00425060 f i HyMMS:Managed_Object.obj
 0001:00024070       ?getNextOffset@?$SmartHandle@VManaged_Object@@@@IAEPAXXZ 00425070 f i HyMMS:Managed_Object.obj
[...]
 0002:000043a4       __unwindtable$?_Reallocate@?$vector@USprite@SpriteBatch@@V?$allocator@USprite@SpriteBatch@@@std@@@std@@IAEXI@Z 004453a4     SpriteBatch.obj
 0002:000043b4       __tryblocktable$?_Reallocate@?$vector@USprite@SpriteBatch@@V?$allocator@USprite@SpriteBatch@@@std@@@std@@IAEXI@Z 004453b4     SpriteBatch.obj
 0002:000043c8       __ehfuncinfo$?_Reallocate@?$vector@USprite@SpriteBatch@@V?$allocator@USprite@SpriteBatch@@@std@@@std@@IAEXI@Z 004453c8     SpriteBatch.obj
 0002:000043ec       __catchsym$??$_Insert@V?$move_iterator@V?$_Vector_iterator@V?$_Vector_val@U?$_Simple_types@USprite@SpriteBatch@@@std@@@std@@@std@@@std@@@?$vector@USprite@SpriteBatch@@V?$allocator@USprite@SpriteBatch@@@std@@@std@@QAEXV?$_Vector_const_iterator@V?$_Vector_val@U?$_Simple_types@USprite@SpriteBatch@@@std@@@std@@@1@V?$move_iterator@V?$_Vector_iterator@V?$_Vector_val@U?$_Simple_types@USprite@SpriteBatch@@@std@@@std@@@std@@@1@1Uforward_iterator_tag@1@@Z$2 004453ec     SpriteBatch.obj
 0002:000043fc       __unwindtable$??$_Insert@V?$move_iterator@V?$_Vector_iterator@V?$_Vector_val@U?$_Simple_types@USprite@SpriteBatch@@@std@@@std@@@std@@@std@@@?$vector@USprite@SpriteBatch@@V?$allocator@USprite@SpriteBatch@@@std@@@std@@QAEXV?$_Vector_const_iterator@V?$_Vector_val@U?$_Simple_types@USprite@SpriteBatch@@@std@@@std@@@1@V?$move_iterator@V?$_Vector_iterator@V?$_Vector_val@U?$_Simple_types@USprite@SpriteBatch@@@std@@@std@@@std@@@1@1Uforward_iterator_tag@1@@Z 004453fc     SpriteBatch.obj
 0002:0000440c       __tryblocktable$??$_Insert@V?$move_iterator@V?$_Vector_iterator@V?$_Vector_val@U?$_Simple_types@USprite@SpriteBatch@@@std@@@std@@@std@@@std@@@?$vector@USprite@SpriteBatch@@V?$allocator@USprite@SpriteBatch@@@std@@@std@@QAEXV?$_Vector_const_iterator@V?$_Vector_val@U?$_Simple_types@USprite@SpriteBatch@@@std@@@std@@@1@V?$move_iterator@V?$_Vector_iterator@V?$_Vector_val@U?$_Simple_types@USprite@SpriteBatch@@@std@@@std@@@std@@@1@1Uforward_iterator_tag@1@@Z 0044540c     SpriteBatch.obj
 0002:00004420       __ehfuncinfo$??$_Insert@V?$move_iterator@V?$_Vector_iterator@V?$_Vector_val@U?$_Simple_types@USprite@SpriteBatch@@@std@@@std@@@std@@@std@@@?$vector@USprite@SpriteBatch@@V?$allocator@USprite@SpriteBatch@@@std@@@std@@QAEXV?$_Vector_const_iterator@V?$_Vector_val@U?$_Simple_types@USprite@SpriteBatch@@@std@@@std@@@1@V?$move_iterator@V?$_Vector_iterator@V?$_Vector_val@U?$_Simple_types@USprite@SpriteBatch@@@std@@@std@@@std@@@1@1Uforward_iterator_tag@1@@Z 00445420     SpriteBatch.obj
 0002:00004444       __unwindtable$??$construct@USprite@SpriteBatch@@U12@@?$allocator@USprite@SpriteBatch@@@std@@QAEXPAUSprite@SpriteBatch@@$$QAU23@@Z 00445444     SpriteBatch.obj
 0002:0000444c       __ehfuncinfo$??$construct@USprite@SpriteBatch@@U12@@?$allocator@USprite@SpriteBatch@@@std@@QAEXPAUSprite@SpriteBatch@@$$QAU23@@Z 0044544c     SpriteBatch.obj
 0002:00004470       __catchsym$??$_Uninit_move@PAUSprite@SpriteBatch@@PAU12@V?$allocator@USprite@SpriteBatch@@@std@@U12@@std@@YAPAUSprite@SpriteBatch@@PAU12@00AAU?$_Wrap_alloc@V?$allocator@USprite@SpriteBatch@@@std@@@0@0U_Nonscalar_ptr_iterator_tag@0@@Z$2 00445470     SpriteBatch.obj
 0002:00004480       __unwindtable$??$_Uninit_move@PAUSprite@SpriteBatch@@PAU12@V?$allocator@USprite@SpriteBatch@@@std@@U12@@std@@YAPAUSprite@SpriteBatch@@PAU12@00AAU?$_Wrap_alloc@V?$allocator@USprite@SpriteBatch@@@std@@@0@0U_Nonscalar_ptr_iterator_tag@0@@Z 00445480     SpriteBatch.obj
 0002:00004490       __tryblocktable$??$_Uninit_move@PAUSprite@SpriteBatch@@PAU12@V?$allocator@USprite@SpriteBatch@@@std@@U12@@std@@YAPAUSprite@SpriteBatch@@PAU12@00AAU?$_Wrap_alloc@V?$allocator@USprite@SpriteBatch@@@std@@@0@0U_Nonscalar_ptr_iterator_tag@0@@Z 00445490     SpriteBatch.obj
 0002:000044a4       __ehfuncinfo$??$_Uninit_move@PAUSprite@SpriteBatch@@PAU12@V?$allocator@USprite@SpriteBatch@@@std@@U12@@std@@YAPAUSprite@SpriteBatch@@PAU12@00AAU?$_Wrap_alloc@V?$allocator@USprite@SpriteBatch@@@std@@@0@0U_Nonscalar_ptr_iterator_tag@0@@Z 004454a4     SpriteBatch.obj
 0002:000044c8       __catchsym$??$_Uninit_copy@V?$move_iterator@V?$_Vector_iterator@V?$_Vector_val@U?$_Simple_types@USprite@SpriteBatch@@@std@@@std@@@std@@@std@@PAUSprite@SpriteBatch@@V?$allocator@USprite@SpriteBatch@@@2@@std@@YAPAUSprite@SpriteBatch@@V?$move_iterator@V?$_Vector_iterator@V?$_Vector_val@U?$_Simple_types@USprite@SpriteBatch@@@std@@@std@@@std@@@0@0PAU12@AAU?$_Wrap_alloc@V?$allocator@USprite@SpriteBatch@@@std@@@0@U_Nonscalar_ptr_iterator_tag@0@@Z$2 004454c8     SpriteBatch.obj
 0002:000044d8       __unwindtable$??$_Uninit_copy@V?$move_iterator@V?$_Vector_iterator@V?$_Vector_val@U?$_Simple_types@USprite@SpriteBatch@@@std@@@std@@@std@@@std@@PAUSprite@SpriteBatch@@V?$allocator@USprite@SpriteBatch@@@2@@std@@YAPAUSprite@SpriteBatch@@V?$move_iterator@V?$_Vector_iterator@V?$_Vector_val@U?$_Simple_types@USprite@SpriteBatch@@@std@@@std@@@std@@@0@0PAU12@AAU?$_Wrap_alloc@V?$allocator@USprite@SpriteBatch@@@std@@@0@U_Nonscalar_ptr_iterator_tag@0@@Z 004454d8     SpriteBatch.obj
 0002:000044e8       __tryblocktable$??$_Uninit_copy@V?$move_iterator@V?$_Vector_iterator@V?$_Vector_val@U?$_Simple_types@USprite@SpriteBatch@@@std@@@std@@@std@@@std@@PAUSprite@SpriteBatch@@V?$allocator@USprite@SpriteBatch@@@2@@std@@YAPAUSprite@SpriteBatch@@V?$move_iterator@V?$_Vector_iterator@V?$_Vector_val@U?$_Simple_types@USprite@SpriteBatch@@@std@@@std@@@std@@@0@0PAU12@AAU?$_Wrap_alloc@V?$allocator@USprite@SpriteBatch@@@std@@@0@U_Nonscalar_ptr_iterator_tag@0@@Z 004454e8     SpriteBatch.obj
 0002:000044fc       __ehfuncinfo$??$_Uninit_copy@V?$move_iterator@V?$_Vector_iterator@V?$_Vector_val@U?$_Simple_types@USprite@SpriteBatch@@@std@@@std@@@std@@@std@@PAUSprite@SpriteBatch@@V?$allocator@USprite@SpriteBatch@@@2@@std@@YAPAUSprite@SpriteBatch@@V?$move_iterator@V?$_Vector_iterator@V?$_Vector_val@U?$_Simple_types@USprite@SpriteBatch@@@std@@@std@@@std@@@0@0PAU12@AAU?$_Wrap_alloc@V?$allocator@USprite@SpriteBatch@@@std@@@0@U_Nonscalar_ptr_iterator_tag@0@@Z 004454fc     SpriteBatch.obj
 0002:00004520       __unwindtable$??$swap@USprite@SpriteBatch@@@std@@YAXAAUSprite@SpriteBatch@@0@Z 00445520     SpriteBatch.obj
 0002:00004528       __ehfuncinfo$??$swap@USprite@SpriteBatch@@@std@@YAXAAUSprite@SpriteBatch@@0@Z 00445528     SpriteBatch.obj
 0002:0000454c       __unwindtable$??1Texture2D@@UAE@XZ 0044554c     Texture2D.obj
 0002:00004554       __ehfuncinfo$??1Texture2D@@UAE@XZ 00445554     Texture2D.obj
 0002:00004578       __unwindtable$??0ToggleButton@@QAE@VDemoRectangle@@PAVTexture2D@@VDemoColour@@@Z 00445578     ToggleButton.obj
 0002:00004588       __ehfuncinfo$??0ToggleButton@@QAE@VDemoRectangle@@PAVTexture2D@@VDemoColour@@@Z 00445588     ToggleButton.obj
 0002:000045b0       __sehtable$__onexit        004455b0     MSVCRT:atonexit.obj
 0002:000045d0       __sehtable$___tmainCRTStartup 004455d0     MSVCRT:crtexew.obj
 0002:000045f0       __sehtable$??_M@YGXPAXIHP6EX0@Z@Z 004455f0     MSVCRT:ehvecdtr.obj
 0002:00004610       __sehtable$?__ArrayUnwind@@YGXPAXIHP6EX0@Z@Z 00445610     MSVCRT:ehvecdtr.obj
 0002:00004630       __sehtable$__IsNonwritableInCurrentImage 00445630     MSVCRT:pesect.obj
 0002:000046b8       __ehfuncinfo$??$RayCast@Ub2WorldRayCastWrapper@@@b2DynamicTree@@QBEXPAUb2WorldRayCastWrapper@@ABUb2RayCastInput@@@Z 004456b8      CIL library: CIL module
 0002:000046dc       __unwindtable$??$RayCast@Ub2WorldRayCastWrapper@@@b2DynamicTree@@QBEXPAUb2WorldRayCastWrapper@@ABUb2RayCastInput@@@Z 004456dc      CIL library: CIL module
 0002:000046e4       __ehfuncinfo$??$Query@Ub2WorldQueryWrapper@@@b2DynamicTree@@QBEXPAUb2WorldQueryWrapper@@ABUb2AABB@@@Z 004456e4      CIL library: CIL module
 0002:00004708       __unwindtable$??$Query@Ub2WorldQueryWrapper@@@b2DynamicTree@@QBEXPAUb2WorldQueryWrapper@@ABUb2AABB@@@Z 00445708      CIL library: CIL module
 0002:00004710       __ehfuncinfo$?SolveTOI@b2World@@AAEXABUb2TimeStep@@@Z 00445710      CIL library: CIL module
 0002:00004734       __unwindtable$?SolveTOI@b2World@@AAEXABUb2TimeStep@@@Z 00445734      CIL library: CIL module
 0002:0000473c       __ehfuncinfo$?Solve@b2World@@AAEXABUb2TimeStep@@@Z 0044573c      CIL library: CIL module
 0002:00004760       __unwindtable$?Solve@b2World@@AAEXABUb2TimeStep@@@Z 00445760      CIL library: CIL module
 0002:00004768       __ehfuncinfo$??1b2World@@QAE@XZ 00445768      CIL library: CIL module
 0002:0000478c       __unwindtable$??1b2World@@QAE@XZ 0044578c      CIL library: CIL module
 0002:0000479c       __ehfuncinfo$?SolveTOI@b2Island@@QAEXABUb2TimeStep@@HH@Z 0044579c      CIL library: CIL module
 0002:000047c0       __unwindtable$?SolveTOI@b2Island@@QAEXABUb2TimeStep@@HH@Z 004457c0      CIL library: CIL module
 0002:000047c8       __ehfuncinfo$?Solve@b2Island@@QAEXPAUb2Profile@@ABUb2TimeStep@@ABUb2Vec2@@_N@Z 004457c8      CIL library: CIL module
 0002:000047ec       __unwindtable$?Solve@b2Island@@QAEXPAUb2Profile@@ABUb2TimeStep@@ABUb2Vec2@@_N@Z 004457ec      CIL library: CIL module
 0002:000047f4       __ehfuncinfo$?_Copy@?$basic_string@DU?$char_traits@D@std@@V?$allocator@D@2@@std@@QAEXII@Z 004457f4      CIL library: CIL module
 0002:00004818       __unwindtable$?_Copy@?$basic_string@DU?$char_traits@D@std@@V?$allocator@D@2@@std@@QAEXII@Z 00445818      CIL library: CIL module
 0002:00004838       __tryblocktable$?_Copy@?$basic_string@DU?$char_traits@D@std@@V?$allocator@D@2@@std@@QAEXII@Z 00445838      CIL library: CIL module
 0002:00004860       __catchsym$?_Copy@?$basic_string@DU?$char_traits@D@std@@V?$allocator@D@2@@std@@QAEXII@Z$4 00445860      CIL library: CIL module
 0002:00004870       __catchsym$?_Copy@?$basic_string@DU?$char_traits@D@std@@V?$allocator@D@2@@std@@QAEXII@Z$5 00445870      CIL library: CIL module
 0002:00004880       __ehfuncinfo$??0Managed_Object@@QAE@XZ 00445880      CIL library: CIL module
 0002:000048a4       __unwindtable$??0Managed_Object@@QAE@XZ 004458a4      CIL library: CIL module
 0002:00004dcc       .idata$6                   00445dcc     OpenGL32:OPENGL32.dll
 0002:00004dee       .idata$6                   00445dee     GLU32:GLU32.dll
 0002:00004f1e       .idata$6                   00445f1e     user32:USER32.dll
 0002:00004f5e       .idata$6                   00445f5e     gdi32:GDI32.dll
 0002:00005bea       .idata$6                   00446bea     msvcprt:MSVCP110.dll
 0002:00005d8a       .idata$6                   00446d8a     MSVCRT:MSVCR110.dll
 0002:00006050       .idata$6                   00447050     kernel32:KERNEL32.dll
 0003:000008d8       _piecewise_construct       004488d8     ContentManager.obj
 0003:000008d9       _allocator_arg             004488d9     ContentManager.obj
 0003:000008f0       _piecewise_construct       004488f0     Demo.obj
 0003:000008f1       _allocator_arg             004488f1     Demo.obj
 0003:000008f2       _piecewise_construct       004488f2     DemoButton.obj
 0003:000008f3       _allocator_arg             004488f3     DemoButton.obj
 0003:000008f4       _piecewise_construct       004488f4     DemoContactListener.obj
 0003:000008f5       _allocator_arg             004488f5     DemoContactListener.obj
 0003:000008f6       _piecewise_construct       004488f6     DemoDebugInfo.obj
 0003:000008f7       _allocator_arg             004488f7     DemoDebugInfo.obj
 0003:00000900       _piecewise_construct       00448900     Game.obj
 0003:00000901       _allocator_arg             00448901     Game.obj
 0003:00000908       ?prevTime@?4??Run@Game@@QAE_NXZ@4NA 00448908     Game.obj
 0003:00000910       ?$S1@?4??Run@Game@@QAE_NXZ@4IA 00448910     Game.obj
 0003:00000914       _piecewise_construct       00448914     GameObject.obj
 0003:00000915       _allocator_arg             00448915     GameObject.obj
 0003:00000924       _piecewise_construct       00448924     ManagedDemo.obj
 0003:00000925       _allocator_arg             00448925     ManagedDemo.obj
 0003:00000928       ?hDC@?1??MainWindowProc@@YGJPAUHWND__@@IIJ@Z@4PAUHDC__@@A 00448928     ManagedDemo.obj
 0003:0000092c       ?hRC@?1??MainWindowProc@@YGJPAUHWND__@@IIJ@Z@4PAUHGLRC__@@A 0044892c     ManagedDemo.obj
 0003:00000930       _piecewise_construct       00448930     PushButton.obj
 0003:00000931       _allocator_arg             00448931     PushButton.obj
 0003:00000932       _piecewise_construct       00448932     SpriteBatch.obj
 0003:00000933       _allocator_arg             00448933     SpriteBatch.obj
 0003:00000938       _piecewise_construct       00448938     Texture2D.obj
 0003:00000939       _allocator_arg             00448939     Texture2D.obj
 0003:0000093a       _piecewise_construct       0044893a     ToggleButton.obj
 0003:0000093b       _allocator_arg             0044893b     ToggleButton.obj
 0003:0000093c       _mainret                   0044893c     MSVCRT:crtexew.obj
 0003:00000940       _has_cctor                 00448940     MSVCRT:crtexew.obj
 0003:00000944       _argc                      00448944     MSVCRT:crtexew.obj
 0003:00000948       _argv                      00448948     MSVCRT:crtexew.obj
 0003:0000094c       _envp                      0044894c     MSVCRT:crtexew.obj
 0003:00000950       _argret                    00448950     MSVCRT:crtexew.obj
 0003:00000954       _managedapp                00448954     MSVCRT:crtexew.obj
 0003:00000958       _startinfo                 00448958     MSVCRT:crtexew.obj
 0003:00000960       _GS_ExceptionRecord        00448960     MSVCRT:gs_report.obj
 0003:000009b0       _GS_ContextRecord          004489b0     MSVCRT:gs_report.obj
 0003:00000c7c       _DebuggerWasPresent        00448c7c     MSVCRT:gs_report.obj
 0003:0000103c       _allocator_arg             0044903c      CIL library: CIL module
 0003:0000103d       _piecewise_construct       0044903d      CIL library: CIL module
 0003:0000103e       _allocator_arg             0044903e      CIL library: CIL module
 0003:0000103f       _piecewise_construct       0044903f      CIL library: CIL module
 0003:00001040       _allocator_arg             00449040      CIL library: CIL module
 0003:00001041       _piecewise_construct       00449041      CIL library: CIL module
 0003:00001042       _allocator_arg             00449042      CIL library: CIL module
 0003:00001043       _piecewise_construct       00449043      CIL library: CIL module
 0003:00001044       _allocator_arg             00449044      CIL library: CIL module
 0003:00001045       _piecewise_construct       00449045      CIL library: CIL module
 0003:00001046       _allocator_arg             00449046      CIL library: CIL module
 0003:00001047       _piecewise_construct       00449047      CIL library: CIL module
 0003:00001048       _allocator_arg             00449048      CIL library: CIL module
 0003:00001049       _piecewise_construct       00449049      CIL library: CIL module
 0003:0000104a       _allocator_arg             0044904a      CIL library: CIL module
 0003:0000104b       _piecewise_construct       0044904b      CIL library: CIL module
 0003:0000104c       _allocator_arg             0044904c      CIL library: CIL module
 0003:0000104d       _piecewise_construct       0044904d      CIL library: CIL module
 0003:0000104e       _allocator_arg             0044904e      CIL library: CIL module
 0003:0000104f       _piecewise_construct       0044904f      CIL library: CIL module
 0003:00001050       _allocator_arg             00449050      CIL library: CIL module
 0003:00001051       _piecewise_construct       00449051      CIL library: CIL module
 0003:00001052       _allocator_arg             00449052      CIL library: CIL module
 0003:00001053       _piecewise_construct       00449053      CIL library: CIL module
 0003:00001054       _allocator_arg             00449054      CIL library: CIL module
 0003:00001055       _piecewise_construct       00449055      CIL library: CIL module
 0003:00001056       _allocator_arg             00449056      CIL library: CIL module
 0003:00001057       _piecewise_construct       00449057      CIL library: CIL module
 0003:00001058       _allocator_arg             00449058      CIL library: CIL module
 0003:00001059       _piecewise_construct       00449059      CIL library: CIL module
 0003:0000105a       _allocator_arg             0044905a      CIL library: CIL module
 0003:0000105b       _piecewise_construct       0044905b      CIL library: CIL module
 0003:0000105c       _allocator_arg             0044905c      CIL library: CIL module
 0003:0000105d       _piecewise_construct       0044905d      CIL library: CIL module
 0003:0000105e       _allocator_arg             0044905e      CIL library: CIL module
 0003:0000105f       _piecewise_construct       0044905f      CIL library: CIL module
 0003:00001060       _allocator_arg             00449060      CIL library: CIL module
 0003:00001061       _piecewise_construct       00449061      CIL library: CIL module
 0003:00001062       _allocator_arg             00449062      CIL library: CIL module
 0003:00001063       _piecewise_construct       00449063      CIL library: CIL module
 0003:00001064       _allocator_arg             00449064      CIL library: CIL module
 0003:00001065       _piecewise_construct       00449065      CIL library: CIL module
 0003:00001066       _allocator_arg             00449066      CIL library: CIL module
 0003:00001067       _piecewise_construct       00449067      CIL library: CIL module
 0003:00001068       _allocator_arg             00449068      CIL library: CIL module
 0003:00001069       _piecewise_construct       00449069      CIL library: CIL module
 0003:0000106a       _allocator_arg             0044906a      CIL library: CIL module
 0003:0000106b       _piecewise_construct       0044906b      CIL library: CIL module
 0003:0000106c       _allocator_arg             0044906c      CIL library: CIL module
 0003:0000106d       _piecewise_construct       0044906d      CIL library: CIL module
 0003:0000106e       _allocator_arg             0044906e      CIL library: CIL module
 0003:0000106f       _piecewise_construct       0044906f      CIL library: CIL module
 0003:00001070       _allocator_arg             00449070      CIL library: CIL module
 0003:00001071       _piecewise_construct       00449071      CIL library: CIL module
 0003:00001072       _allocator_arg             00449072      CIL library: CIL module
 0003:00001073       _piecewise_construct       00449073      CIL library: CIL module
 0003:00001074       _piecewise_construct       00449074      CIL library: CIL module
 0003:00001075       _allocator_arg             00449075      CIL library: CIL module
 0003:00001076       _piecewise_construct       00449076      CIL library: CIL module
 0003:00001077       _allocator_arg             00449077      CIL library: CIL module
 0003:00001084       _piecewise_construct       00449084      CIL library: CIL module
 0003:00001085       _allocator_arg             00449085      CIL library: CIL module
 0003:00001086       _piecewise_construct       00449086      CIL library: CIL module
 0003:00001087       _allocator_arg             00449087      CIL library: CIL module
 0004:000002e0       $R000000                   0044a2e0     ManagedDemo.res
 0004:000005c8       $R0002E8                   0044a5c8     ManagedDemo.res
 0004:00000e70       $R000B90                   0044ae70     ManagedDemo.res
 0004:00001f18       $R001C38                   0044bf18     ManagedDemo.res
 0004:00001f48       $R001C68                   0044bf48     ManagedDemo.res
 0004:00002230       $R001F50                   0044c230     ManagedDemo.res
 0004:00002ad8       $R0027F8                   0044cad8     ManagedDemo.res
 0004:00003b80       $R0038A0                   0044db80     ManagedDemo.res
 0004:00003bb0       $R0038D0                   0044dbb0     ManagedDemo.res
 0004:00003c00       $R003920                   0044dc00     ManagedDemo.res
 0004:00003c10       $R003930                   0044dc10     ManagedDemo.res
 0004:00003d50       $R003A70                   0044dd50     ManagedDemo.res
